Archive member included to satisfy reference by file (symbol)

c:/ac6/systemworkbench/plugins/fr.ac6.mcu.externaltools.arm-none.win32_1.16.0.201807130628/tools/compiler/bin/../lib/gcc/arm-none-eabi/7.2.1/thumb/v7-m\libgcc.a(_arm_addsubdf3.o)
                              Src/main.o (__aeabi_f2d)
c:/ac6/systemworkbench/plugins/fr.ac6.mcu.externaltools.arm-none.win32_1.16.0.201807130628/tools/compiler/bin/../lib/gcc/arm-none-eabi/7.2.1/thumb/v7-m\libgcc.a(_arm_addsubsf3.o)
                              Src/main.o (__aeabi_ui2f)
c:/ac6/systemworkbench/plugins/fr.ac6.mcu.externaltools.arm-none.win32_1.16.0.201807130628/tools/compiler/bin/../lib/gcc/arm-none-eabi/7.2.1/thumb/v7-m\libgcc.a(_arm_muldivsf3.o)
                              Src/frame_parser.o (__aeabi_fmul)
c:/ac6/systemworkbench/plugins/fr.ac6.mcu.externaltools.arm-none.win32_1.16.0.201807130628/tools/compiler/bin/../lib/gcc/arm-none-eabi/7.2.1/thumb/v7-m\libgcc.a(_arm_fixsfsi.o)
                              Src/frame_parser.o (__aeabi_f2iz)
c:/ac6/systemworkbench/plugins/fr.ac6.mcu.externaltools.arm-none.win32_1.16.0.201807130628/tools/compiler/bin/../lib/gcc/arm-none-eabi/7.2.1/../../../../arm-none-eabi/lib/thumb/v7-m\libc_nano.a(lib_a-errno.o)
                              Src/syscalls.o (__errno)
c:/ac6/systemworkbench/plugins/fr.ac6.mcu.externaltools.arm-none.win32_1.16.0.201807130628/tools/compiler/bin/../lib/gcc/arm-none-eabi/7.2.1/../../../../arm-none-eabi/lib/thumb/v7-m\libc_nano.a(lib_a-exit.o)
                              c:/ac6/systemworkbench/plugins/fr.ac6.mcu.externaltools.arm-none.win32_1.16.0.201807130628/tools/compiler/bin/../lib/gcc/arm-none-eabi/7.2.1/../../../../arm-none-eabi/lib/thumb/v7-m/crt0.o (exit)
c:/ac6/systemworkbench/plugins/fr.ac6.mcu.externaltools.arm-none.win32_1.16.0.201807130628/tools/compiler/bin/../lib/gcc/arm-none-eabi/7.2.1/../../../../arm-none-eabi/lib/thumb/v7-m\libc_nano.a(lib_a-impure.o)
                              c:/ac6/systemworkbench/plugins/fr.ac6.mcu.externaltools.arm-none.win32_1.16.0.201807130628/tools/compiler/bin/../lib/gcc/arm-none-eabi/7.2.1/../../../../arm-none-eabi/lib/thumb/v7-m\libc_nano.a(lib_a-exit.o) (_global_impure_ptr)
c:/ac6/systemworkbench/plugins/fr.ac6.mcu.externaltools.arm-none.win32_1.16.0.201807130628/tools/compiler/bin/../lib/gcc/arm-none-eabi/7.2.1/../../../../arm-none-eabi/lib/thumb/v7-m\libc_nano.a(lib_a-init.o)
                              c:/ac6/systemworkbench/plugins/fr.ac6.mcu.externaltools.arm-none.win32_1.16.0.201807130628/tools/compiler/bin/../lib/gcc/arm-none-eabi/7.2.1/../../../../arm-none-eabi/lib/thumb/v7-m/crt0.o (__libc_init_array)
c:/ac6/systemworkbench/plugins/fr.ac6.mcu.externaltools.arm-none.win32_1.16.0.201807130628/tools/compiler/bin/../lib/gcc/arm-none-eabi/7.2.1/../../../../arm-none-eabi/lib/thumb/v7-m\libc_nano.a(lib_a-memcpy-stub.o)
                              Src/frame_parser.o (memcpy)
c:/ac6/systemworkbench/plugins/fr.ac6.mcu.externaltools.arm-none.win32_1.16.0.201807130628/tools/compiler/bin/../lib/gcc/arm-none-eabi/7.2.1/../../../../arm-none-eabi/lib/thumb/v7-m\libc_nano.a(lib_a-memset.o)
                              c:/ac6/systemworkbench/plugins/fr.ac6.mcu.externaltools.arm-none.win32_1.16.0.201807130628/tools/compiler/bin/../lib/gcc/arm-none-eabi/7.2.1/../../../../arm-none-eabi/lib/thumb/v7-m/crt0.o (memset)
c:/ac6/systemworkbench/plugins/fr.ac6.mcu.externaltools.arm-none.win32_1.16.0.201807130628/tools/compiler/bin/../lib/gcc/arm-none-eabi/7.2.1/../../../../arm-none-eabi/lib/thumb/v7-m\libc_nano.a(lib_a-nano-vfprintf_float.o)
                              (_printf_float)
c:/ac6/systemworkbench/plugins/fr.ac6.mcu.externaltools.arm-none.win32_1.16.0.201807130628/tools/compiler/bin/../lib/gcc/arm-none-eabi/7.2.1/../../../../arm-none-eabi/lib/thumb/v7-m\libc_nano.a(lib_a-nano-vfprintf_i.o)
                              c:/ac6/systemworkbench/plugins/fr.ac6.mcu.externaltools.arm-none.win32_1.16.0.201807130628/tools/compiler/bin/../lib/gcc/arm-none-eabi/7.2.1/../../../../arm-none-eabi/lib/thumb/v7-m\libc_nano.a(lib_a-nano-vfprintf_float.o) (_printf_common)
c:/ac6/systemworkbench/plugins/fr.ac6.mcu.externaltools.arm-none.win32_1.16.0.201807130628/tools/compiler/bin/../lib/gcc/arm-none-eabi/7.2.1/../../../../arm-none-eabi/lib/thumb/v7-m\libc_nano.a(lib_a-sprintf.o)
                              Src/main.o (sprintf)
c:/ac6/systemworkbench/plugins/fr.ac6.mcu.externaltools.arm-none.win32_1.16.0.201807130628/tools/compiler/bin/../lib/gcc/arm-none-eabi/7.2.1/../../../../arm-none-eabi/lib/thumb/v7-m\libc_nano.a(lib_a-strlen.o)
                              c:/ac6/systemworkbench/plugins/fr.ac6.mcu.externaltools.arm-none.win32_1.16.0.201807130628/tools/compiler/bin/../lib/gcc/arm-none-eabi/7.2.1/../../../../arm-none-eabi/lib/thumb/v7-m\libc_nano.a(lib_a-nano-vfprintf_float.o) (strlen)
[...]
Memory Configuration

Name             Origin             Length             Attributes
RAM              0x20000000         0x00005000         xrw
FLASH            0x08000000         0x00020000         xr
*default*        0x00000000         0xffffffff

Linker script and memory map

LOAD c:/ac6/systemworkbench/plugins/fr.ac6.mcu.externaltools.arm-none.win32_1.16.0.201807130628/tools/compiler/bin/../lib/gcc/arm-none-eabi/7.2.1/thumb/v7-m/crti.o
LOAD c:/ac6/systemworkbench/plugins/fr.ac6.mcu.externaltools.arm-none.win32_1.16.0.201807130628/tools/compiler/bin/../lib/gcc/arm-none-eabi/7.2.1/thumb/v7-m/crtbegin.o
LOAD c:/ac6/systemworkbench/plugins/fr.ac6.mcu.externaltools.arm-none.win32_1.16.0.201807130628/tools/compiler/bin/../lib/gcc/arm-none-eabi/7.2.1/../../../../arm-none-eabi/lib/thumb/v7-m/crt0.o
LOAD Drivers/STM32F1xx_HAL_Driver/Src/stm32f1xx_ll_adc.o
LOAD Drivers/STM32F1xx_HAL_Driver/Src/stm32f1xx_ll_dma.o
LOAD Drivers/STM32F1xx_HAL_Driver/Src/stm32f1xx_ll_exti.o
LOAD Drivers/STM32F1xx_HAL_Driver/Src/stm32f1xx_ll_gpio.o
LOAD Drivers/STM32F1xx_HAL_Driver/Src/stm32f1xx_ll_pwr.o
LOAD Drivers/STM32F1xx_HAL_Driver/Src/stm32f1xx_ll_rcc.o
LOAD Drivers/STM32F1xx_HAL_Driver/Src/stm32f1xx_ll_tim.o
LOAD Drivers/STM32F1xx_HAL_Driver/Src/stm32f1xx_ll_usart.o
LOAD Drivers/STM32F1xx_HAL_Driver/Src/stm32f1xx_ll_utils.o
LOAD Src/frame_parser.o
LOAD Src/helpfer_functions.o
LOAD Src/main.o
LOAD Src/rs485.o
LOAD Src/stm32f1xx_it.o
LOAD Src/syscalls.o
LOAD Src/system_stm32f1xx.o
LOAD startup/startup_stm32f103xb.o
LOAD c:/ac6/systemworkbench/plugins/fr.ac6.mcu.externaltools.arm-none.win32_1.16.0.201807130628/tools/compiler/bin/../lib/gcc/arm-none-eabi/7.2.1/../../../../arm-none-eabi/lib/thumb/v7-m\libm.a
START GROUP
LOAD c:/ac6/systemworkbench/plugins/fr.ac6.mcu.externaltools.arm-none.win32_1.16.0.201807130628/tools/compiler/bin/../lib/gcc/arm-none-eabi/7.2.1/thumb/v7-m\libgcc.a
LOAD c:/ac6/systemworkbench/plugins/fr.ac6.mcu.externaltools.arm-none.win32_1.16.0.201807130628/tools/compiler/bin/../lib/gcc/arm-none-eabi/7.2.1/../../../../arm-none-eabi/lib/thumb/v7-m\libc_nano.a
END GROUP
START GROUP
LOAD c:/ac6/systemworkbench/plugins/fr.ac6.mcu.externaltools.arm-none.win32_1.16.0.201807130628/tools/compiler/bin/../lib/gcc/arm-none-eabi/7.2.1/thumb/v7-m\libgcc.a
LOAD c:/ac6/systemworkbench/plugins/fr.ac6.mcu.externaltools.arm-none.win32_1.16.0.201807130628/tools/compiler/bin/../lib/gcc/arm-none-eabi/7.2.1/../../../../arm-none-eabi/lib/thumb/v7-m\libc_nano.a
LOAD c:/ac6/systemworkbench/plugins/fr.ac6.mcu.externaltools.arm-none.win32_1.16.0.201807130628/tools/compiler/bin/../lib/gcc/arm-none-eabi/7.2.1/../../../../arm-none-eabi/lib/thumb/v7-m\libnosys.a
END GROUP
START GROUP
LOAD c:/ac6/systemworkbench/plugins/fr.ac6.mcu.externaltools.arm-none.win32_1.16.0.201807130628/tools/compiler/bin/../lib/gcc/arm-none-eabi/7.2.1/thumb/v7-m\libgcc.a
LOAD c:/ac6/systemworkbench/plugins/fr.ac6.mcu.externaltools.arm-none.win32_1.16.0.201807130628/tools/compiler/bin/../lib/gcc/arm-none-eabi/7.2.1/../../../../arm-none-eabi/lib/thumb/v7-m\libc_nano.a
LOAD c:/ac6/systemworkbench/plugins/fr.ac6.mcu.externaltools.arm-none.win32_1.16.0.201807130628/tools/compiler/bin/../lib/gcc/arm-none-eabi/7.2.1/../../../../arm-none-eabi/lib/thumb/v7-m\libnosys.a
END GROUP
LOAD c:/ac6/systemworkbench/plugins/fr.ac6.mcu.externaltools.arm-none.win32_1.16.0.201807130628/tools/compiler/bin/../lib/gcc/arm-none-eabi/7.2.1/thumb/v7-m/crtend.o
LOAD c:/ac6/systemworkbench/plugins/fr.ac6.mcu.externaltools.arm-none.win32_1.16.0.201807130628/tools/compiler/bin/../lib/gcc/arm-none-eabi/7.2.1/thumb/v7-m/crtn.o
                0x20005000                _estack = 0x20005000
                0x00000200                _Min_Heap_Size = 0x200
                0x00000400                _Min_Stack_Size = 0x400

.isr_vector     0x08000000      0x10c
                0x08000000                . = ALIGN (0x4)
 *(.isr_vector)
 .isr_vector    0x08000000      0x10c startup/startup_stm32f103xb.o
                0x08000000                g_pfnVectors
                0x0800010c                . = ALIGN (0x4)

.text           0x08000110     0x58e8
                0x08000110                . = ALIGN (0x4)
 *(.text)
 .text          0x08000110       0x40 c:/ac6/systemworkbench/plugins/fr.ac6.mcu.externaltools.arm-none.win32_1.16.0.201807130628/tools/compiler/bin/../lib/gcc/arm-none-eabi/7.2.1/thumb/v7-m/crtbegin.o
 .text          0x08000150      0x378 c:/ac6/systemworkbench/plugins/fr.ac6.mcu.externaltools.arm-none.win32_1.16.0.201807130628/tools/compiler/bin/../lib/gcc/arm-none-eabi/7.2.1/thumb/v7-m\libgcc.a(_arm_addsubdf3.o)
                0x08000150                __aeabi_drsub
                0x08000158                __aeabi_dsub
                0x08000158                __subdf3
                0x0800015c                __aeabi_dadd
                0x0800015c                __adddf3
                0x080003d4                __floatunsidf
                0x080003d4                __aeabi_ui2d
                0x080003f4                __floatsidf
                0x080003f4                __aeabi_i2d
                0x08000418                __aeabi_f2d
                0x08000418                __extendsfdf2
                0x0800045c                __floatundidf
                0x0800045c                __aeabi_ul2d
                0x0800046c                __floatdidf
                0x0800046c                __aeabi_l2d
 .text          0x080004c8      0x21c c:/ac6/systemworkbench/plugins/fr.ac6.mcu.externaltools.arm-none.win32_1.16.0.201807130628/tools/compiler/bin/../lib/gcc/arm-none-eabi/7.2.1/thumb/v7-m\libgcc.a(_arm_addsubsf3.o)
                0x080004c8                __aeabi_frsub
                0x080004d0                __subsf3
                0x080004d0                __aeabi_fsub
                0x080004d4                __aeabi_fadd
                0x080004d4                __addsf3
                0x08000634                __aeabi_ui2f
                0x08000634                __floatunsisf
                0x0800063c                __aeabi_i2f
                0x0800063c                __floatsisf
                0x08000658                __aeabi_ul2f
                0x08000658                __floatundisf
                0x08000668                __aeabi_l2f
                0x08000668                __floatdisf
 .text          0x080006e4      0x2a0 c:/ac6/systemworkbench/plugins/fr.ac6.mcu.externaltools.arm-none.win32_1.16.0.201807130628/tools/compiler/bin/../lib/gcc/arm-none-eabi/7.2.1/thumb/v7-m\libgcc.a(_arm_muldivsf3.o)
                0x080006e4                __mulsf3
                0x080006e4                __aeabi_fmul
                0x0800084c                __aeabi_fdiv
                0x0800084c                __divsf3
 .text          0x08000984       0x4c c:/ac6/systemworkbench/plugins/fr.ac6.mcu.externaltools.arm-none.win32_1.16.0.201807130628/tools/compiler/bin/../lib/gcc/arm-none-eabi/7.2.1/thumb/v7-m\libgcc.a(_arm_fixsfsi.o)
                0x08000984                __aeabi_f2iz
                0x08000984                __fixsfsi
 .text          0x080009d0       0x10 c:/ac6/systemworkbench/plugins/fr.ac6.mcu.externaltools.arm-none.win32_1.16.0.201807130628/tools/compiler/bin/../lib/gcc/arm-none-eabi/7.2.1/../../../../arm-none-eabi/lib/thumb/v7-m\libc_nano.a(lib_a-strlen.o)
                0x080009d0                strlen
 .text          0x080009e0      0x424 c:/ac6/systemworkbench/plugins/fr.ac6.mcu.externaltools.arm-none.win32_1.16.0.201807130628/tools/compiler/bin/../lib/gcc/arm-none-eabi/7.2.1/thumb/v7-m\libgcc.a(_arm_muldivdf3.o)
                0x080009e0                __aeabi_dmul
                0x080009e0                __muldf3
                0x08000c34                __divdf3
                0x08000c34                __aeabi_ddiv
 .text          0x08000e04      0x110 c:/ac6/systemworkbench/plugins/fr.ac6.mcu.externaltools.arm-none.win32_1.16.0.201807130628/tools/compiler/bin/../lib/gcc/arm-none-eabi/7.2.1/thumb/v7-m\libgcc.a(_arm_cmpdf2.o)
                0x08000e04                __gtdf2
                0x08000e04                __gedf2
                0x08000e0c                __ltdf2
                0x08000e0c                __ledf2
                0x08000e14                __nedf2
                0x08000e14                __eqdf2
                0x08000e14                __cmpdf2
                0x08000e90                __aeabi_cdrcmple
                0x08000ea0                __aeabi_cdcmpeq
                0x08000ea0                __aeabi_cdcmple
                0x08000eb0                __aeabi_dcmpeq
                0x08000ec4                __aeabi_dcmplt
                0x08000ed8                __aeabi_dcmple
                0x08000eec                __aeabi_dcmpge
                0x08000f00                __aeabi_dcmpgt
 .text          0x08000f14       0x2c c:/ac6/systemworkbench/plugins/fr.ac6.mcu.externaltools.arm-none.win32_1.16.0.201807130628/tools/compiler/bin/../lib/gcc/arm-none-eabi/7.2.1/thumb/v7-m\libgcc.a(_arm_unorddf2.o)
                0x08000f14                __unorddf2
                0x08000f14                __aeabi_dcmpun
 .text          0x08000f40       0x50 c:/ac6/systemworkbench/plugins/fr.ac6.mcu.externaltools.arm-none.win32_1.16.0.201807130628/tools/compiler/bin/../lib/gcc/arm-none-eabi/7.2.1/thumb/v7-m\libgcc.a(_arm_fixdfsi.o)
                0x08000f40                __aeabi_d2iz
                0x08000f40                __fixdfsi
 *(.text*)
 .text.LL_ADC_REG_SetSequencerLength
                0x08000f90       0x24 Drivers/STM32F1xx_HAL_Driver/Src/stm32f1xx_ll_adc.o
 .text.LL_ADC_IsEnabled
                0x08000fb4       0x24 Drivers/STM32F1xx_HAL_Driver/Src/stm32f1xx_ll_adc.o
 .text.LL_ADC_CommonInit
                0x08000fd8       0x64 Drivers/STM32F1xx_HAL_Driver/Src/stm32f1xx_ll_adc.o
                0x08000fd8                LL_ADC_CommonInit
 .text.LL_ADC_Init
                0x0800103c       0x4e Drivers/STM32F1xx_HAL_Driver/Src/stm32f1xx_ll_adc.o
                0x0800103c                LL_ADC_Init
 .text.LL_ADC_REG_Init
                0x0800108a       0x8c Drivers/STM32F1xx_HAL_Driver/Src/stm32f1xx_ll_adc.o
                0x0800108a                LL_ADC_REG_Init
 *fill*         0x08001116        0x2 
 .text.LL_EXTI_EnableIT_0_31
                0x08001118       0x24 Drivers/STM32F1xx_HAL_Driver/Src/stm32f1xx_ll_exti.o
 .text.LL_EXTI_DisableIT_0_31
                0x0800113c       0x24 Drivers/STM32F1xx_HAL_Driver/Src/stm32f1xx_ll_exti.o
 .text.LL_EXTI_EnableEvent_0_31
                0x08001160       0x24 Drivers/STM32F1xx_HAL_Driver/Src/stm32f1xx_ll_exti.o
 .text.LL_EXTI_DisableEvent_0_31
                0x08001184       0x24 Drivers/STM32F1xx_HAL_Driver/Src/stm32f1xx_ll_exti.o
 .text.LL_EXTI_EnableRisingTrig_0_31
                0x080011a8       0x24 Drivers/STM32F1xx_HAL_Driver/Src/stm32f1xx_ll_exti.o
 .text.LL_EXTI_DisableRisingTrig_0_31
                0x080011cc       0x24 Drivers/STM32F1xx_HAL_Driver/Src/stm32f1xx_ll_exti.o
 .text.LL_EXTI_EnableFallingTrig_0_31
                0x080011f0       0x24 Drivers/STM32F1xx_HAL_Driver/Src/stm32f1xx_ll_exti.o
 .text.LL_EXTI_DisableFallingTrig_0_31
                0x08001214       0x24 Drivers/STM32F1xx_HAL_Driver/Src/stm32f1xx_ll_exti.o
 .text.LL_EXTI_Init
                0x08001238       0xf8 Drivers/STM32F1xx_HAL_Driver/Src/stm32f1xx_ll_exti.o
                0x08001238                LL_EXTI_Init
 .text.LL_GPIO_SetPinMode
                0x08001330       0x64 Drivers/STM32F1xx_HAL_Driver/Src/stm32f1xx_ll_gpio.o
 .text.LL_GPIO_SetPinSpeed
                0x08001394       0x64 Drivers/STM32F1xx_HAL_Driver/Src/stm32f1xx_ll_gpio.o
 .text.LL_GPIO_SetPinOutputType
                0x080013f8       0x64 Drivers/STM32F1xx_HAL_Driver/Src/stm32f1xx_ll_gpio.o
 .text.LL_GPIO_SetPinPull
                0x0800145c       0x44 Drivers/STM32F1xx_HAL_Driver/Src/stm32f1xx_ll_gpio.o
 .text.LL_GPIO_Init
                0x080014a0       0xc4 Drivers/STM32F1xx_HAL_Driver/Src/stm32f1xx_ll_gpio.o
                0x080014a0                LL_GPIO_Init
 .text.LL_RCC_GetSysClkSource
                0x08001564       0x18 Drivers/STM32F1xx_HAL_Driver/Src/stm32f1xx_ll_rcc.o
 .text.LL_RCC_GetAHBPrescaler
                0x0800157c       0x18 Drivers/STM32F1xx_HAL_Driver/Src/stm32f1xx_ll_rcc.o
 .text.LL_RCC_GetAPB1Prescaler
                0x08001594       0x18 Drivers/STM32F1xx_HAL_Driver/Src/stm32f1xx_ll_rcc.o
 .text.LL_RCC_GetAPB2Prescaler
                0x080015ac       0x18 Drivers/STM32F1xx_HAL_Driver/Src/stm32f1xx_ll_rcc.o
 .text.LL_RCC_PLL_GetMainSource
                0x080015c4       0x18 Drivers/STM32F1xx_HAL_Driver/Src/stm32f1xx_ll_rcc.o
 .text.LL_RCC_PLL_GetMultiplicator
                0x080015dc       0x18 Drivers/STM32F1xx_HAL_Driver/Src/stm32f1xx_ll_rcc.o
 .text.LL_RCC_PLL_GetPrediv
                0x080015f4       0x1c Drivers/STM32F1xx_HAL_Driver/Src/stm32f1xx_ll_rcc.o
 .text.LL_RCC_GetSystemClocksFreq
                0x08001610       0x4a Drivers/STM32F1xx_HAL_Driver/Src/stm32f1xx_ll_rcc.o
                0x08001610                LL_RCC_GetSystemClocksFreq
 *fill*         0x0800165a        0x2 
 .text.RCC_GetSystemClockFreq
                0x0800165c       0x44 Drivers/STM32F1xx_HAL_Driver/Src/stm32f1xx_ll_rcc.o
                0x0800165c                RCC_GetSystemClockFreq
 .text.RCC_GetHCLKClockFreq
                0x080016a0       0x2c Drivers/STM32F1xx_HAL_Driver/Src/stm32f1xx_ll_rcc.o
                0x080016a0                RCC_GetHCLKClockFreq
 .text.RCC_GetPCLK1ClockFreq
                0x080016cc       0x28 Drivers/STM32F1xx_HAL_Driver/Src/stm32f1xx_ll_rcc.o
                0x080016cc                RCC_GetPCLK1ClockFreq
 .text.RCC_GetPCLK2ClockFreq
                0x080016f4       0x28 Drivers/STM32F1xx_HAL_Driver/Src/stm32f1xx_ll_rcc.o
                0x080016f4                RCC_GetPCLK2ClockFreq
 .text.RCC_PLL_GetFreqDomain_SYS
                0x0800171c       0x60 Drivers/STM32F1xx_HAL_Driver/Src/stm32f1xx_ll_rcc.o
                0x0800171c                RCC_PLL_GetFreqDomain_SYS
 .text.LL_TIM_SetPrescaler
                0x0800177c       0x1a Drivers/STM32F1xx_HAL_Driver/Src/stm32f1xx_ll_tim.o
 .text.LL_TIM_SetAutoReload
                0x08001796       0x1a Drivers/STM32F1xx_HAL_Driver/Src/stm32f1xx_ll_tim.o
 .text.LL_TIM_SetRepetitionCounter
                0x080017b0       0x1a Drivers/STM32F1xx_HAL_Driver/Src/stm32f1xx_ll_tim.o
 .text.LL_TIM_OC_SetCompareCH1
                0x080017ca       0x1a Drivers/STM32F1xx_HAL_Driver/Src/stm32f1xx_ll_tim.o
 .text.LL_TIM_OC_SetCompareCH2
                0x080017e4       0x1a Drivers/STM32F1xx_HAL_Driver/Src/stm32f1xx_ll_tim.o
 .text.LL_TIM_OC_SetCompareCH3
                0x080017fe       0x1a Drivers/STM32F1xx_HAL_Driver/Src/stm32f1xx_ll_tim.o
 .text.LL_TIM_OC_SetCompareCH4
                0x08001818       0x1a Drivers/STM32F1xx_HAL_Driver/Src/stm32f1xx_ll_tim.o
 .text.LL_TIM_GenerateEvent_UPDATE
                0x08001832       0x1e Drivers/STM32F1xx_HAL_Driver/Src/stm32f1xx_ll_tim.o
 .text.LL_TIM_Init
                0x08001850       0xbc Drivers/STM32F1xx_HAL_Driver/Src/stm32f1xx_ll_tim.o
                0x08001850                LL_TIM_Init
 .text.LL_TIM_OC_Init
                0x0800190c       0x70 Drivers/STM32F1xx_HAL_Driver/Src/stm32f1xx_ll_tim.o
                0x0800190c                LL_TIM_OC_Init
 .text.OC1Config
                0x0800197c       0xcc Drivers/STM32F1xx_HAL_Driver/Src/stm32f1xx_ll_tim.o
 .text.OC2Config
                0x08001a48       0xd4 Drivers/STM32F1xx_HAL_Driver/Src/stm32f1xx_ll_tim.o
 .text.OC3Config
                0x08001b1c       0xd4 Drivers/STM32F1xx_HAL_Driver/Src/stm32f1xx_ll_tim.o
 .text.OC4Config
                0x08001bf0       0xa4 Drivers/STM32F1xx_HAL_Driver/Src/stm32f1xx_ll_tim.o
 .text.LL_USART_IsEnabled
                0x08001c94       0x26 Drivers/STM32F1xx_HAL_Driver/Src/stm32f1xx_ll_usart.o
 .text.LL_USART_SetStopBitsLength
                0x08001cba       0x24 Drivers/STM32F1xx_HAL_Driver/Src/stm32f1xx_ll_usart.o
 .text.LL_USART_SetHWFlowCtrl
                0x08001cde       0x24 Drivers/STM32F1xx_HAL_Driver/Src/stm32f1xx_ll_usart.o
 *fill*         0x08001d02        0x2 
 .text.LL_USART_SetBaudRate
                0x08001d04       0xbc Drivers/STM32F1xx_HAL_Driver/Src/stm32f1xx_ll_usart.o
 .text.LL_USART_Init
                0x08001dc0       0xc0 Drivers/STM32F1xx_HAL_Driver/Src/stm32f1xx_ll_usart.o
                0x08001dc0                LL_USART_Init
 .text.LL_InitTick
                0x08001e80       0x34 Drivers/STM32F1xx_HAL_Driver/Src/stm32f1xx_ll_utils.o
 .text.LL_Init1msTick
                0x08001eb4       0x1a Drivers/STM32F1xx_HAL_Driver/Src/stm32f1xx_ll_utils.o
                0x08001eb4                LL_Init1msTick
 *fill*         0x08001ece        0x2 
 .text.LL_SetSystemCoreClock
                0x08001ed0       0x1c Drivers/STM32F1xx_HAL_Driver/Src/stm32f1xx_ll_utils.o
                0x08001ed0                LL_SetSystemCoreClock
 .text.frame_GetHeaderSum
                0x08001eec       0x2c Src/frame_parser.o
                0x08001eec                frame_GetHeaderSum
 .text.frame_GetDataSum
                0x08001f18       0x40 Src/frame_parser.o
                0x08001f18                frame_GetDataSum
 .text.Parser_InitFrame
                0x08001f58       0x28 Src/frame_parser.o
                0x08001f58                Parser_InitFrame
 .text.Parser_ParseByte
                0x08001f80      0x100 Src/frame_parser.o
                0x08001f80                Parser_ParseByte
 .text.Parser_ParseControllData
                0x08002080       0x84 Src/frame_parser.o
                0x08002080                Parser_ParseControllData
 .text.Parser_ParseVoltageRequest
                0x08002104       0x22 Src/frame_parser.o
                0x08002104                Parser_ParseVoltageRequest
 .text.Parser_CreateVoltageFrame
                0x08002126       0x76 Src/frame_parser.o
                0x08002126                Parser_CreateVoltageFrame
 .text.Parser_CreateTxBuffer
                0x0800219c       0x96 Src/frame_parser.o
                0x0800219c                Parser_CreateTxBuffer
 *fill*         0x08002232        0x2 
 .text.LL_SYSTICK_IsActiveCounterFlag
                0x08002234       0x24 Src/helpfer_functions.o
 .text.HF_LL_WaitForFlag
                0x08002258       0x38 Src/helpfer_functions.o
                0x08002258                HF_LL_WaitForFlag
 .text.__NVIC_SetPriorityGrouping
                0x08002290       0x48 Src/main.o
 .text.__NVIC_GetPriorityGrouping
                0x080022d8       0x1c Src/main.o
 .text.__NVIC_EnableIRQ
                0x080022f4       0x38 Src/main.o
 .text.__NVIC_SetPriority
                0x0800232c       0x54 Src/main.o
 .text.NVIC_EncodePriority
                0x08002380       0x64 Src/main.o
 .text.LL_ADC_REG_SetSequencerRanks
                0x080023e4       0x66 Src/main.o
 .text.LL_ADC_SetChannelSamplingTime
                0x0800244a       0x92 Src/main.o
 .text.LL_RCC_HSE_EnableBypass
                0x080024dc       0x1c Src/main.o
 .text.LL_RCC_HSE_Enable
                0x080024f8       0x1c Src/main.o
 .text.LL_RCC_HSE_IsReady
                0x08002514       0x24 Src/main.o
 .text.LL_RCC_SetSysClkSource
                0x08002538       0x28 Src/main.o
 .text.LL_RCC_GetSysClkSource
                0x08002560       0x18 Src/main.o
 .text.LL_RCC_SetAHBPrescaler
                0x08002578       0x28 Src/main.o
 .text.LL_RCC_SetAPB1Prescaler
                0x080025a0       0x28 Src/main.o
 .text.LL_RCC_SetAPB2Prescaler
                0x080025c8       0x28 Src/main.o
 .text.LL_RCC_SetADCClockSource
                0x080025f0       0x28 Src/main.o
 .text.LL_RCC_PLL_Enable
                0x08002618       0x1c Src/main.o
 .text.LL_RCC_PLL_IsReady
                0x08002634       0x24 Src/main.o
 .text.LL_RCC_PLL_ConfigDomain_SYS
                0x08002658       0x30 Src/main.o
 .text.LL_APB1_GRP1_EnableClock
                0x08002688       0x30 Src/main.o
 .text.LL_APB2_GRP1_EnableClock
                0x080026b8       0x30 Src/main.o
 .text.LL_FLASH_SetLatency
                0x080026e8       0x28 Src/main.o
 .text.LL_FLASH_GetLatency
                0x08002710       0x18 Src/main.o
 .text.LL_SYSTICK_SetClkSource
                0x08002728       0x38 Src/main.o
 .text.LL_TIM_EnableCounter
                0x08002760       0x1e Src/main.o
 .text.LL_TIM_DisableARRPreload
                0x0800277e       0x1e Src/main.o
 .text.LL_TIM_CC_EnableChannel
                0x0800279c       0x20 Src/main.o
 .text.LL_TIM_OC_DisableFast
                0x080027bc       0x84 Src/main.o
 .text.LL_TIM_OC_EnablePreload
                0x08002840       0x84 Src/main.o
 .text.LL_TIM_OC_SetCompareCH1
                0x080028c4       0x1a Src/main.o
 .text.LL_TIM_OC_SetCompareCH2
                0x080028de       0x1a Src/main.o
 .text.LL_TIM_OC_SetCompareCH3
                0x080028f8       0x1a Src/main.o
 .text.LL_TIM_SetTriggerOutput
                0x08002912       0x24 Src/main.o
 .text.LL_TIM_DisableMasterSlaveMode
                0x08002936       0x1e Src/main.o
 .text.LL_TIM_EnableAllOutputs
                0x08002954       0x1e Src/main.o
 .text.LL_USART_Enable
                0x08002972       0x1e Src/main.o
 .text.LL_USART_ConfigAsyncMode
                0x08002990       0x2a Src/main.o
 .text.LL_GPIO_SetPinMode
                0x080029ba       0x64 Src/main.o
 .text.LL_GPIO_ResetOutputPin
                0x08002a1e       0x1e Src/main.o
 .text.LL_GPIO_TogglePin
                0x08002a3c       0x24 Src/main.o
 .text.LL_GPIO_AF_Remap_SWJ_NOJTAG
                0x08002a60       0x28 Src/main.o
 .text.LL_GPIO_AF_SetEXTISource
                0x08002a88       0x5c Src/main.o
 .text.Init_GenTimChanelTables
                0x08002ae4       0x5c Src/main.o
                0x08002ae4                Init_GenTimChanelTables
 .text.Init_StopThrusters
                0x08002b40       0x40 Src/main.o
                0x08002b40                Init_StopThrusters
 .text.Init_StartPwms
                0x08002b80       0x58 Src/main.o
                0x08002b80                Init_StartPwms
 .text.GetPwmValue
                0x08002bd8       0x3c Src/main.o
                0x08002bd8                GetPwmValue
 .text.SetThrusters
                0x08002c14       0x64 Src/main.o
                0x08002c14                SetThrusters
 .text.main     0x08002c78      0x15c Src/main.o
                0x08002c78                main
 .text.SystemClock_Config
                0x08002dd4       0x90 Src/main.o
                0x08002dd4                SystemClock_Config
 .text.MX_ADC1_Init
                0x08002e64       0xc4 Src/main.o
 .text.MX_TIM2_Init
                0x08002f28      0x104 Src/main.o
 .text.MX_TIM3_Init
                0x0800302c      0x148 Src/main.o
 .text.MX_USART1_UART_Init
                0x08003174       0xd0 Src/main.o
 .text.MX_USART2_UART_Init
                0x08003244       0xac Src/main.o
 .text.MX_GPIO_Init
                0x080032f0      0x114 Src/main.o
 .text.Error_Handler
                0x08003404        0xc Src/main.o
                0x08003404                Error_Handler
 .text.LL_USART_Enable
                0x08003410       0x1e Src/rs485.o
 .text.LL_USART_EnableDirectionRx
                0x0800342e       0x1e Src/rs485.o
 .text.LL_USART_EnableDirectionTx
                0x0800344c       0x1e Src/rs485.o
 .text.LL_USART_DisableDirectionTx
                0x0800346a       0x1e Src/rs485.o
 .text.LL_USART_IsActiveFlag_TC
                0x08003488       0x24 Src/rs485.o
 .text.LL_USART_IsActiveFlag_TXE
                0x080034ac       0x24 Src/rs485.o
 .text.LL_USART_EnableIT_RXNE
                0x080034d0       0x1e Src/rs485.o
 .text.LL_USART_TransmitData8
                0x080034ee       0x1c Src/rs485.o
 .text.LL_GPIO_SetOutputPin
                0x0800350a       0x1e Src/rs485.o
 .text.LL_GPIO_ResetOutputPin
                0x08003528       0x1e Src/rs485.o
 *fill*         0x08003546        0x2 
 .text._get_usart_txe_flag
                0x08003548       0x14 Src/rs485.o
                0x08003548                _get_usart_txe_flag
 .text._get_usart_tc_flag
                0x0800355c       0x14 Src/rs485.o
                0x0800355c                _get_usart_tc_flag
 .text.rs485_init
                0x08003570       0x38 Src/rs485.o
                0x08003570                rs485_init
 .text.rs485_transmit
                0x080035a8       0x80 Src/rs485.o
                0x080035a8                rs485_transmit
 .text.rs485_rx_callback
                0x08003628       0x3c Src/rs485.o
                0x08003628                rs485_rx_callback
 .text.LL_EXTI_IsActiveFlag_0_31
                0x08003664       0x2c Src/stm32f1xx_it.o
 .text.LL_EXTI_ClearFlag_0_31
                0x08003690       0x1c Src/stm32f1xx_it.o
 .text.LL_USART_IsActiveFlag_ORE
                0x080036ac       0x24 Src/stm32f1xx_it.o
 .text.LL_USART_IsActiveFlag_RXNE
                0x080036d0       0x24 Src/stm32f1xx_it.o
 .text.LL_USART_ClearFlag_ORE
                0x080036f4       0x22 Src/stm32f1xx_it.o
 .text.LL_USART_ClearFlag_RXNE
                0x08003716       0x1a Src/stm32f1xx_it.o
 .text.LL_USART_ReceiveData8
                0x08003730       0x18 Src/stm32f1xx_it.o
 .text.NMI_Handler
                0x08003748        0xc Src/stm32f1xx_it.o
                0x08003748                NMI_Handler
 .text.HardFault_Handler
                0x08003754        0x6 Src/stm32f1xx_it.o
                0x08003754                HardFault_Handler
 .text.MemManage_Handler
                0x0800375a        0x6 Src/stm32f1xx_it.o
                0x0800375a                MemManage_Handler
 .text.BusFault_Handler
                0x08003760        0x6 Src/stm32f1xx_it.o
                0x08003760                BusFault_Handler
 .text.UsageFault_Handler
                0x08003766        0x6 Src/stm32f1xx_it.o
                0x08003766                UsageFault_Handler
 .text.SVC_Handler
                0x0800376c        0xc Src/stm32f1xx_it.o
                0x0800376c                SVC_Handler
 .text.DebugMon_Handler
                0x08003778        0xc Src/stm32f1xx_it.o
                0x08003778                DebugMon_Handler
 .text.PendSV_Handler
                0x08003784        0xc Src/stm32f1xx_it.o
                0x08003784                PendSV_Handler
 .text.SysTick_Handler
                0x08003790        0xc Src/stm32f1xx_it.o
                0x08003790                SysTick_Handler
 .text.USART1_IRQHandler
                0x0800379c       0x40 Src/stm32f1xx_it.o
                0x0800379c                USART1_IRQHandler
 .text.EXTI15_10_IRQHandler
                0x080037dc       0x1e Src/stm32f1xx_it.o
                0x080037dc                EXTI15_10_IRQHandler
 *fill*         0x080037fa        0x2 
 .text._sbrk    0x080037fc       0x58 Src/syscalls.o
                0x080037fc                _sbrk
 .text.SystemInit
                0x08003854       0x68 Src/system_stm32f1xx.o
                0x08003854                SystemInit
 .text.Reset_Handler
                0x080038bc       0x48 startup/startup_stm32f103xb.o
                0x080038bc                Reset_Handler
 .text.Default_Handler
                0x08003904        0x2 startup/startup_stm32f103xb.o
                0x08003904                RTC_Alarm_IRQHandler
                0x08003904                EXTI2_IRQHandler
                0x08003904                TIM1_CC_IRQHandler
                0x08003904                PVD_IRQHandler
                0x08003904                EXTI3_IRQHandler
                0x08003904                EXTI0_IRQHandler
                0x08003904                I2C2_EV_IRQHandler
                0x08003904                ADC1_2_IRQHandler
                0x08003904                SPI1_IRQHandler
                0x08003904                TAMPER_IRQHandler
                0x08003904                DMA1_Channel4_IRQHandler
                0x08003904                USART3_IRQHandler
                0x08003904                RTC_IRQHandler
                0x08003904                DMA1_Channel7_IRQHandler
                0x08003904                CAN1_RX1_IRQHandler
                0x08003904                TIM4_IRQHandler
                0x08003904                I2C1_EV_IRQHandler
                0x08003904                DMA1_Channel6_IRQHandler
                0x08003904                TIM3_IRQHandler
                0x08003904                RCC_IRQHandler
                0x08003904                TIM1_TRG_COM_IRQHandler
                0x08003904                DMA1_Channel1_IRQHandler
                0x08003904                Default_Handler
                0x08003904                EXTI9_5_IRQHandler
                0x08003904                SPI2_IRQHandler
                0x08003904                DMA1_Channel5_IRQHandler
                0x08003904                EXTI4_IRQHandler
                0x08003904                USB_LP_CAN1_RX0_IRQHandler
                0x08003904                USB_HP_CAN1_TX_IRQHandler
                0x08003904                DMA1_Channel3_IRQHandler
                0x08003904                TIM1_UP_IRQHandler
                0x08003904                WWDG_IRQHandler
                0x08003904                TIM2_IRQHandler
                0x08003904                TIM1_BRK_IRQHandler
                0x08003904                EXTI1_IRQHandler
                0x08003904                USART2_IRQHandler
                0x08003904                I2C2_ER_IRQHandler
                0x08003904                DMA1_Channel2_IRQHandler
                0x08003904                CAN1_SCE_IRQHandler
                0x08003904                FLASH_IRQHandler
                0x08003904                I2C1_ER_IRQHandler
                0x08003904                USBWakeUp_IRQHandler
 *fill*         0x08003906        0x2 
 .text.__errno  0x08003908        0xc c:/ac6/systemworkbench/plugins/fr.ac6.mcu.externaltools.arm-none.win32_1.16.0.201807130628/tools/compiler/bin/../lib/gcc/arm-none-eabi/7.2.1/../../../../arm-none-eabi/lib/thumb/v7-m\libc_nano.a(lib_a-errno.o)
                0x08003908                __errno
 .text.__libc_init_array
                0x08003914       0x48 c:/ac6/systemworkbench/plugins/fr.ac6.mcu.externaltools.arm-none.win32_1.16.0.201807130628/tools/compiler/bin/../lib/gcc/arm-none-eabi/7.2.1/../../../../arm-none-eabi/lib/thumb/v7-m\libc_nano.a(lib_a-init.o)
                0x08003914                __libc_init_array
 .text.memcpy   0x0800395c       0x16 c:/ac6/systemworkbench/plugins/fr.ac6.mcu.externaltools.arm-none.win32_1.16.0.201807130628/tools/compiler/bin/../lib/gcc/arm-none-eabi/7.2.1/../../../../arm-none-eabi/lib/thumb/v7-m\libc_nano.a(lib_a-memcpy-stub.o)
                0x0800395c                memcpy
 .text.memset   0x08003972       0x10 c:/ac6/systemworkbench/plugins/fr.ac6.mcu.externaltools.arm-none.win32_1.16.0.201807130628/tools/compiler/bin/../lib/gcc/arm-none-eabi/7.2.1/../../../../arm-none-eabi/lib/thumb/v7-m\libc_nano.a(lib_a-memset.o)
                0x08003972                memset
 .text.__cvt    0x08003982       0xb8 c:/ac6/systemworkbench/plugins/fr.ac6.mcu.externaltools.arm-none.win32_1.16.0.201807130628/tools/compiler/bin/../lib/gcc/arm-none-eabi/7.2.1/../../../../arm-none-eabi/lib/thumb/v7-m\libc_nano.a(lib_a-nano-vfprintf_float.o)
                0x08003982                __cvt
 .text.__exponent
                0x08003a3a       0x6a c:/ac6/systemworkbench/plugins/fr.ac6.mcu.externaltools.arm-none.win32_1.16.0.201807130628/tools/compiler/bin/../lib/gcc/arm-none-eabi/7.2.1/../../../../arm-none-eabi/lib/thumb/v7-m\libc_nano.a(lib_a-nano-vfprintf_float.o)
                0x08003a3a                __exponent
 .text._printf_float
                0x08003aa4      0x46c c:/ac6/systemworkbench/plugins/fr.ac6.mcu.externaltools.arm-none.win32_1.16.0.201807130628/tools/compiler/bin/../lib/gcc/arm-none-eabi/7.2.1/../../../../arm-none-eabi/lib/thumb/v7-m\libc_nano.a(lib_a-nano-vfprintf_float.o)
                0x08003aa4                _printf_float
 .text._printf_common
                0x08003f10       0xec c:/ac6/systemworkbench/plugins/fr.ac6.mcu.externaltools.arm-none.win32_1.16.0.201807130628/tools/compiler/bin/../lib/gcc/arm-none-eabi/7.2.1/../../../../arm-none-eabi/lib/thumb/v7-m\libc_nano.a(lib_a-nano-vfprintf_i.o)
                0x08003f10                _printf_common
 .text._printf_i
                0x08003ffc      0x224 c:/ac6/systemworkbench/plugins/fr.ac6.mcu.externaltools.arm-none.win32_1.16.0.201807130628/tools/compiler/bin/../lib/gcc/arm-none-eabi/7.2.1/../../../../arm-none-eabi/lib/thumb/v7-m\libc_nano.a(lib_a-nano-vfprintf_i.o)
                0x08003ffc                _printf_i
 .text.sprintf  0x08004220       0x40 c:/ac6/systemworkbench/plugins/fr.ac6.mcu.externaltools.arm-none.win32_1.16.0.201807130628/tools/compiler/bin/../lib/gcc/arm-none-eabi/7.2.1/../../../../arm-none-eabi/lib/thumb/v7-m\libc_nano.a(lib_a-sprintf.o)
                0x08004220                siprintf
                0x08004220                sprintf
 .text.quorem   0x08004260      0x11c c:/ac6/systemworkbench/plugins/fr.ac6.mcu.externaltools.arm-none.win32_1.16.0.201807130628/tools/compiler/bin/../lib/gcc/arm-none-eabi/7.2.1/../../../../arm-none-eabi/lib/thumb/v7-m\libc_nano.a(lib_a-dtoa.o)
 *fill*         0x0800437c        0x4 
 .text._dtoa_r  0x08004380      0xb68 c:/ac6/systemworkbench/plugins/fr.ac6.mcu.externaltools.arm-none.win32_1.16.0.201807130628/tools/compiler/bin/../lib/gcc/arm-none-eabi/7.2.1/../../../../arm-none-eabi/lib/thumb/v7-m\libc_nano.a(lib_a-dtoa.o)
                0x08004380                _dtoa_r
 .text._localeconv_r
                0x08004ee8       0x1c c:/ac6/systemworkbench/plugins/fr.ac6.mcu.externaltools.arm-none.win32_1.16.0.201807130628/tools/compiler/bin/../lib/gcc/arm-none-eabi/7.2.1/../../../../arm-none-eabi/lib/thumb/v7-m\libc_nano.a(lib_a-localeconv.o)
                0x08004ee8                _localeconv_r
 .text.malloc   0x08004f04       0x10 c:/ac6/systemworkbench/plugins/fr.ac6.mcu.externaltools.arm-none.win32_1.16.0.201807130628/tools/compiler/bin/../lib/gcc/arm-none-eabi/7.2.1/../../../../arm-none-eabi/lib/thumb/v7-m\libc_nano.a(lib_a-malloc.o)
                0x08004f04                malloc
 .text.memchr   0x08004f14       0x1c c:/ac6/systemworkbench/plugins/fr.ac6.mcu.externaltools.arm-none.win32_1.16.0.201807130628/tools/compiler/bin/../lib/gcc/arm-none-eabi/7.2.1/../../../../arm-none-eabi/lib/thumb/v7-m\libc_nano.a(lib_a-memchr-stub.o)
                0x08004f14                memchr
 .text._Balloc  0x08004f30       0x68 c:/ac6/systemworkbench/plugins/fr.ac6.mcu.externaltools.arm-none.win32_1.16.0.201807130628/tools/compiler/bin/../lib/gcc/arm-none-eabi/7.2.1/../../../../arm-none-eabi/lib/thumb/v7-m\libc_nano.a(lib_a-mprec.o)
                0x08004f30                _Balloc
 .text._Bfree   0x08004f98       0x2e c:/ac6/systemworkbench/plugins/fr.ac6.mcu.externaltools.arm-none.win32_1.16.0.201807130628/tools/compiler/bin/../lib/gcc/arm-none-eabi/7.2.1/../../../../arm-none-eabi/lib/thumb/v7-m\libc_nano.a(lib_a-mprec.o)
                0x08004f98                _Bfree
 .text.__multadd
                0x08004fc6       0x76 c:/ac6/systemworkbench/plugins/fr.ac6.mcu.externaltools.arm-none.win32_1.16.0.201807130628/tools/compiler/bin/../lib/gcc/arm-none-eabi/7.2.1/../../../../arm-none-eabi/lib/thumb/v7-m\libc_nano.a(lib_a-mprec.o)
                0x08004fc6                __multadd
 .text.__hi0bits
                0x0800503c       0x3e c:/ac6/systemworkbench/plugins/fr.ac6.mcu.externaltools.arm-none.win32_1.16.0.201807130628/tools/compiler/bin/../lib/gcc/arm-none-eabi/7.2.1/../../../../arm-none-eabi/lib/thumb/v7-m\libc_nano.a(lib_a-mprec.o)
                0x0800503c                __hi0bits
 .text.__lo0bits
                0x0800507a       0x5e c:/ac6/systemworkbench/plugins/fr.ac6.mcu.externaltools.arm-none.win32_1.16.0.201807130628/tools/compiler/bin/../lib/gcc/arm-none-eabi/7.2.1/../../../../arm-none-eabi/lib/thumb/v7-m\libc_nano.a(lib_a-mprec.o)
                0x0800507a                __lo0bits
 .text.__i2b    0x080050d8       0x12 c:/ac6/systemworkbench/plugins/fr.ac6.mcu.externaltools.arm-none.win32_1.16.0.201807130628/tools/compiler/bin/../lib/gcc/arm-none-eabi/7.2.1/../../../../arm-none-eabi/lib/thumb/v7-m\libc_nano.a(lib_a-mprec.o)
                0x080050d8                __i2b
 .text.__multiply
                0x080050ea      0x12a c:/ac6/systemworkbench/plugins/fr.ac6.mcu.externaltools.arm-none.win32_1.16.0.201807130628/tools/compiler/bin/../lib/gcc/arm-none-eabi/7.2.1/../../../../arm-none-eabi/lib/thumb/v7-m\libc_nano.a(lib_a-mprec.o)
                0x080050ea                __multiply
 .text.__pow5mult
                0x08005214       0x9c c:/ac6/systemworkbench/plugins/fr.ac6.mcu.externaltools.arm-none.win32_1.16.0.201807130628/tools/compiler/bin/../lib/gcc/arm-none-eabi/7.2.1/../../../../arm-none-eabi/lib/thumb/v7-m\libc_nano.a(lib_a-mprec.o)
                0x08005214                __pow5mult
 .text.__lshift
                0x080052b0       0xa8 c:/ac6/systemworkbench/plugins/fr.ac6.mcu.externaltools.arm-none.win32_1.16.0.201807130628/tools/compiler/bin/../lib/gcc/arm-none-eabi/7.2.1/../../../../arm-none-eabi/lib/thumb/v7-m\libc_nano.a(lib_a-mprec.o)
                0x080052b0                __lshift
 .text.__mcmp   0x08005358       0x34 c:/ac6/systemworkbench/plugins/fr.ac6.mcu.externaltools.arm-none.win32_1.16.0.201807130628/tools/compiler/bin/../lib/gcc/arm-none-eabi/7.2.1/../../../../arm-none-eabi/lib/thumb/v7-m\libc_nano.a(lib_a-mprec.o)
                0x08005358                __mcmp
 .text.__mdiff  0x0800538c       0xbc c:/ac6/systemworkbench/plugins/fr.ac6.mcu.externaltools.arm-none.win32_1.16.0.201807130628/tools/compiler/bin/../lib/gcc/arm-none-eabi/7.2.1/../../../../arm-none-eabi/lib/thumb/v7-m\libc_nano.a(lib_a-mprec.o)
                0x0800538c                __mdiff
 .text.__d2b    0x08005448       0x9e c:/ac6/systemworkbench/plugins/fr.ac6.mcu.externaltools.arm-none.win32_1.16.0.201807130628/tools/compiler/bin/../lib/gcc/arm-none-eabi/7.2.1/../../../../arm-none-eabi/lib/thumb/v7-m\libc_nano.a(lib_a-mprec.o)
                0x08005448                __d2b
 .text._calloc_r
                0x080054e6       0x1c c:/ac6/systemworkbench/plugins/fr.ac6.mcu.externaltools.arm-none.win32_1.16.0.201807130628/tools/compiler/bin/../lib/gcc/arm-none-eabi/7.2.1/../../../../arm-none-eabi/lib/thumb/v7-m\libc_nano.a(lib_a-nano-callocr.o)
                0x080054e6                _calloc_r
 *fill*         0x08005502        0x2 
 .text._free_r  0x08005504       0x98 c:/ac6/systemworkbench/plugins/fr.ac6.mcu.externaltools.arm-none.win32_1.16.0.201807130628/tools/compiler/bin/../lib/gcc/arm-none-eabi/7.2.1/../../../../arm-none-eabi/lib/thumb/v7-m\libc_nano.a(lib_a-nano-freer.o)
                0x08005504                _free_r
 .text._malloc_r
                0x0800559c       0xb4 c:/ac6/systemworkbench/plugins/fr.ac6.mcu.externaltools.arm-none.win32_1.16.0.201807130628/tools/compiler/bin/../lib/gcc/arm-none-eabi/7.2.1/../../../../arm-none-eabi/lib/thumb/v7-m\libc_nano.a(lib_a-nano-mallocr.o)
                0x0800559c                _malloc_r
 .text.__ssputs_r
                0x08005650       0xb4 c:/ac6/systemworkbench/plugins/fr.ac6.mcu.externaltools.arm-none.win32_1.16.0.201807130628/tools/compiler/bin/../lib/gcc/arm-none-eabi/7.2.1/../../../../arm-none-eabi/lib/thumb/v7-m\libc_nano.a(lib_a-nano-svfprintf.o)
                0x08005650                __ssputs_r
 .text._svfprintf_r
                0x08005704      0x1ec c:/ac6/systemworkbench/plugins/fr.ac6.mcu.externaltools.arm-none.win32_1.16.0.201807130628/tools/compiler/bin/../lib/gcc/arm-none-eabi/7.2.1/../../../../arm-none-eabi/lib/thumb/v7-m\libc_nano.a(lib_a-nano-svfprintf.o)
                0x08005704                _svfiprintf_r
                0x08005704                _svfprintf_r
 .text._sbrk_r  0x080058f0       0x20 c:/ac6/systemworkbench/plugins/fr.ac6.mcu.externaltools.arm-none.win32_1.16.0.201807130628/tools/compiler/bin/../lib/gcc/arm-none-eabi/7.2.1/../../../../arm-none-eabi/lib/thumb/v7-m\libc_nano.a(lib_a-sbrkr.o)
                0x080058f0                _sbrk_r
 .text.__ascii_mbtowc
                0x08005910       0x24 c:/ac6/systemworkbench/plugins/fr.ac6.mcu.externaltools.arm-none.win32_1.16.0.201807130628/tools/compiler/bin/../lib/gcc/arm-none-eabi/7.2.1/../../../../arm-none-eabi/lib/thumb/v7-m\libc_nano.a(lib_a-mbtowc_r.o)
                0x08005910                __ascii_mbtowc
 .text.memmove  0x08005934       0x32 c:/ac6/systemworkbench/plugins/fr.ac6.mcu.externaltools.arm-none.win32_1.16.0.201807130628/tools/compiler/bin/../lib/gcc/arm-none-eabi/7.2.1/../../../../arm-none-eabi/lib/thumb/v7-m\libc_nano.a(lib_a-memmove.o)
                0x08005934                memmove
 .text.__malloc_lock
                0x08005966        0x2 c:/ac6/systemworkbench/plugins/fr.ac6.mcu.externaltools.arm-none.win32_1.16.0.201807130628/tools/compiler/bin/../lib/gcc/arm-none-eabi/7.2.1/../../../../arm-none-eabi/lib/thumb/v7-m\libc_nano.a(lib_a-mlock.o)
                0x08005966                __malloc_lock
 .text.__malloc_unlock
                0x08005968        0x2 c:/ac6/systemworkbench/plugins/fr.ac6.mcu.externaltools.arm-none.win32_1.16.0.201807130628/tools/compiler/bin/../lib/gcc/arm-none-eabi/7.2.1/../../../../arm-none-eabi/lib/thumb/v7-m\libc_nano.a(lib_a-mlock.o)
                0x08005968                __malloc_unlock
 .text._realloc_r
                0x0800596a       0x4c c:/ac6/systemworkbench/plugins/fr.ac6.mcu.externaltools.arm-none.win32_1.16.0.201807130628/tools/compiler/bin/../lib/gcc/arm-none-eabi/7.2.1/../../../../arm-none-eabi/lib/thumb/v7-m\libc_nano.a(lib_a-nano-reallocr.o)
                0x0800596a                _realloc_r
 .text.__ascii_wctomb
                0x080059b6       0x1a c:/ac6/systemworkbench/plugins/fr.ac6.mcu.externaltools.arm-none.win32_1.16.0.201807130628/tools/compiler/bin/../lib/gcc/arm-none-eabi/7.2.1/../../../../arm-none-eabi/lib/thumb/v7-m\libc_nano.a(lib_a-wctomb_r.o)
                0x080059b6                __ascii_wctomb
 .text._malloc_usable_size_r
                0x080059d0       0x10 c:/ac6/systemworkbench/plugins/fr.ac6.mcu.externaltools.arm-none.win32_1.16.0.201807130628/tools/compiler/bin/../lib/gcc/arm-none-eabi/7.2.1/../../../../arm-none-eabi/lib/thumb/v7-m\libc_nano.a(lib_a-nano-msizer.o)
                0x080059d0                _malloc_usable_size_r
 *(.glue_7)
 .glue_7        0x080059e0        0x0 linker stubs
 *(.glue_7t)
 .glue_7t       0x080059e0        0x0 linker stubs
 *(.eh_frame)
 .eh_frame      0x080059e0        0x0 c:/ac6/systemworkbench/plugins/fr.ac6.mcu.externaltools.arm-none.win32_1.16.0.201807130628/tools/compiler/bin/../lib/gcc/arm-none-eabi/7.2.1/thumb/v7-m/crtbegin.o
 *(.init)
 .init          0x080059e0        0x4 c:/ac6/systemworkbench/plugins/fr.ac6.mcu.externaltools.arm-none.win32_1.16.0.201807130628/tools/compiler/bin/../lib/gcc/arm-none-eabi/7.2.1/thumb/v7-m/crti.o
                0x080059e0                _init
 .init          0x080059e4        0x8 c:/ac6/systemworkbench/plugins/fr.ac6.mcu.externaltools.arm-none.win32_1.16.0.201807130628/tools/compiler/bin/../lib/gcc/arm-none-eabi/7.2.1/thumb/v7-m/crtn.o
 *(.fini)
 .fini          0x080059ec        0x4 c:/ac6/systemworkbench/plugins/fr.ac6.mcu.externaltools.arm-none.win32_1.16.0.201807130628/tools/compiler/bin/../lib/gcc/arm-none-eabi/7.2.1/thumb/v7-m/crti.o
                0x080059ec                _fini
 .fini          0x080059f0        0x8 c:/ac6/systemworkbench/plugins/fr.ac6.mcu.externaltools.arm-none.win32_1.16.0.201807130628/tools/compiler/bin/../lib/gcc/arm-none-eabi/7.2.1/thumb/v7-m/crtn.o
                0x080059f8                . = ALIGN (0x4)
                0x080059f8                _etext = .

.vfp11_veneer   0x080059f8        0x0
 .vfp11_veneer  0x080059f8        0x0 linker stubs

.v4_bx          0x080059f8        0x0
 .v4_bx         0x080059f8        0x0 linker stubs

.iplt           0x080059f8        0x0
 .iplt          0x080059f8        0x0 c:/ac6/systemworkbench/plugins/fr.ac6.mcu.externaltools.arm-none.win32_1.16.0.201807130628/tools/compiler/bin/../lib/gcc/arm-none-eabi/7.2.1/thumb/v7-m/crtbegin.o

.rodata         0x080059f8      0x2b8
                0x080059f8                . = ALIGN (0x4)
 *(.rodata)
 .rodata        0x080059f8       0x43 Src/main.o
 *fill*         0x08005a3b        0x1 
 .rodata        0x08005a3c       0x18 Src/system_stm32f1xx.o
                0x08005a3c                AHBPrescTable
                0x08005a4c                APBPrescTable
 *(.rodata*)
 .rodata._printf_float.str1.1
                0x08005a54       0x12 c:/ac6/systemworkbench/plugins/fr.ac6.mcu.externaltools.arm-none.win32_1.16.0.201807130628/tools/compiler/bin/../lib/gcc/arm-none-eabi/7.2.1/../../../../arm-none-eabi/lib/thumb/v7-m\libc_nano.a(lib_a-nano-vfprintf_float.o)
 .rodata._printf_i.str1.1
                0x08005a66       0x22 c:/ac6/systemworkbench/plugins/fr.ac6.mcu.externaltools.arm-none.win32_1.16.0.201807130628/tools/compiler/bin/../lib/gcc/arm-none-eabi/7.2.1/../../../../arm-none-eabi/lib/thumb/v7-m\libc_nano.a(lib_a-nano-vfprintf_i.o)
 .rodata._dtoa_r.str1.1
                0x08005a88        0xd c:/ac6/systemworkbench/plugins/fr.ac6.mcu.externaltools.arm-none.win32_1.16.0.201807130628/tools/compiler/bin/../lib/gcc/arm-none-eabi/7.2.1/../../../../arm-none-eabi/lib/thumb/v7-m\libc_nano.a(lib_a-dtoa.o)
                                  0xf (size before relaxing)
 *fill*         0x08005a95        0x3 
 .rodata.__mprec_bigtens
                0x08005a98       0x28 c:/ac6/systemworkbench/plugins/fr.ac6.mcu.externaltools.arm-none.win32_1.16.0.201807130628/tools/compiler/bin/../lib/gcc/arm-none-eabi/7.2.1/../../../../arm-none-eabi/lib/thumb/v7-m\libc_nano.a(lib_a-mprec.o)
                0x08005a98                __mprec_bigtens
 .rodata.__mprec_tens
                0x08005ac0       0xc8 c:/ac6/systemworkbench/plugins/fr.ac6.mcu.externaltools.arm-none.win32_1.16.0.201807130628/tools/compiler/bin/../lib/gcc/arm-none-eabi/7.2.1/../../../../arm-none-eabi/lib/thumb/v7-m\libc_nano.a(lib_a-mprec.o)
                0x08005ac0                __mprec_tens
 .rodata.p05.6084
                0x08005b88        0xc c:/ac6/systemworkbench/plugins/fr.ac6.mcu.externaltools.arm-none.win32_1.16.0.201807130628/tools/compiler/bin/../lib/gcc/arm-none-eabi/7.2.1/../../../../arm-none-eabi/lib/thumb/v7-m\libc_nano.a(lib_a-mprec.o)
 .rodata._svfprintf_r.str1.1
                0x08005b94       0x11 c:/ac6/systemworkbench/plugins/fr.ac6.mcu.externaltools.arm-none.win32_1.16.0.201807130628/tools/compiler/bin/../lib/gcc/arm-none-eabi/7.2.1/../../../../arm-none-eabi/lib/thumb/v7-m\libc_nano.a(lib_a-nano-svfprintf.o)
 .rodata._setlocale_r.str1.1
                0x08005ba5        0x8 c:/ac6/systemworkbench/plugins/fr.ac6.mcu.externaltools.arm-none.win32_1.16.0.201807130628/tools/compiler/bin/../lib/gcc/arm-none-eabi/7.2.1/../../../../arm-none-eabi/lib/thumb/v7-m\libc_nano.a(lib_a-locale.o)
                                  0x9 (size before relaxing)
 .rodata.str1.1
                0x08005bad        0x2 c:/ac6/systemworkbench/plugins/fr.ac6.mcu.externaltools.arm-none.win32_1.16.0.201807130628/tools/compiler/bin/../lib/gcc/arm-none-eabi/7.2.1/../../../../arm-none-eabi/lib/thumb/v7-m\libc_nano.a(lib_a-locale.o)
 .rodata._ctype_
                0x08005baf      0x101 c:/ac6/systemworkbench/plugins/fr.ac6.mcu.externaltools.arm-none.win32_1.16.0.201807130628/tools/compiler/bin/../lib/gcc/arm-none-eabi/7.2.1/../../../../arm-none-eabi/lib/thumb/v7-m\libc_nano.a(lib_a-ctype_.o)
                0x08005baf                _ctype_
                0x08005cb0                . = ALIGN (0x4)

.rel.dyn        0x08005cb0        0x0
 .rel.iplt      0x08005cb0        0x0 c:/ac6/systemworkbench/plugins/fr.ac6.mcu.externaltools.arm-none.win32_1.16.0.201807130628/tools/compiler/bin/../lib/gcc/arm-none-eabi/7.2.1/thumb/v7-m/crtbegin.o

.ARM.extab
 *(.ARM.extab* .gnu.linkonce.armextab.*)

.ARM            0x08005cb0        0x0
                0x08005cb0                __exidx_start = .
 *(.ARM.exidx*)
                0x08005cb0                __exidx_end = .

.preinit_array  0x08005cb0        0x0
                0x08005cb0                PROVIDE (__preinit_array_start, .)
 *(.preinit_array*)
                0x08005cb0                PROVIDE (__preinit_array_end, .)

.init_array     0x08005cb0        0x4
                0x08005cb0                PROVIDE (__init_array_start, .)
 *(SORT_BY_NAME(.init_array.*))
 *(.init_array*)
 .init_array    0x08005cb0        0x4 c:/ac6/systemworkbench/plugins/fr.ac6.mcu.externaltools.arm-none.win32_1.16.0.201807130628/tools/compiler/bin/../lib/gcc/arm-none-eabi/7.2.1/thumb/v7-m/crtbegin.o
                0x08005cb4                PROVIDE (__init_array_end, .)

.fini_array     0x08005cb4        0x4
                [!provide]                PROVIDE (__fini_array_start, .)
 *(SORT_BY_NAME(.fini_array.*))
 *(.fini_array*)
 .fini_array    0x08005cb4        0x4 c:/ac6/systemworkbench/plugins/fr.ac6.mcu.externaltools.arm-none.win32_1.16.0.201807130628/tools/compiler/bin/../lib/gcc/arm-none-eabi/7.2.1/thumb/v7-m/crtbegin.o
                [!provide]                PROVIDE (__fini_array_end, .)
                0x08005cb8                _sidata = LOADADDR (.data)

.data           0x20000000      0x1e8 load address 0x08005cb8
                0x20000000                . = ALIGN (0x4)
                0x20000000                _sdata = .
 *(.data)
 .data          0x20000000       0x14 Src/main.o
                0x20000000                set_chanel
 .data          0x20000014        0x4 Src/system_stm32f1xx.o
                0x20000014                SystemCoreClock
 *(.data*)
 .data._impure_ptr
                0x20000018        0x4 c:/ac6/systemworkbench/plugins/fr.ac6.mcu.externaltools.arm-none.win32_1.16.0.201807130628/tools/compiler/bin/../lib/gcc/arm-none-eabi/7.2.1/../../../../arm-none-eabi/lib/thumb/v7-m\libc_nano.a(lib_a-impure.o)
                0x20000018                _impure_ptr
 .data.impure_data
                0x2000001c       0x60 c:/ac6/systemworkbench/plugins/fr.ac6.mcu.externaltools.arm-none.win32_1.16.0.201807130628/tools/compiler/bin/../lib/gcc/arm-none-eabi/7.2.1/../../../../arm-none-eabi/lib/thumb/v7-m\libc_nano.a(lib_a-impure.o)
 .data.__global_locale
                0x2000007c      0x16c c:/ac6/systemworkbench/plugins/fr.ac6.mcu.externaltools.arm-none.win32_1.16.0.201807130628/tools/compiler/bin/../lib/gcc/arm-none-eabi/7.2.1/../../../../arm-none-eabi/lib/thumb/v7-m\libc_nano.a(lib_a-locale.o)
                0x2000007c                __global_locale
                0x200001e8                . = ALIGN (0x4)
                0x200001e8                _edata = .

.igot.plt       0x200001e8        0x0 load address 0x08005ea0
 .igot.plt      0x200001e8        0x0 c:/ac6/systemworkbench/plugins/fr.ac6.mcu.externaltools.arm-none.win32_1.16.0.201807130628/tools/compiler/bin/../lib/gcc/arm-none-eabi/7.2.1/thumb/v7-m/crtbegin.o
                0x200001e8                . = ALIGN (0x4)

.bss            0x200001e8      0x22c load address 0x08005ea0
                0x200001e8                _sbss = .
                0x200001e8                __bss_start__ = _sbss
 *(.bss)
 .bss           0x200001e8       0x1c c:/ac6/systemworkbench/plugins/fr.ac6.mcu.externaltools.arm-none.win32_1.16.0.201807130628/tools/compiler/bin/../lib/gcc/arm-none-eabi/7.2.1/thumb/v7-m/crtbegin.o
 .bss           0x20000204        0x1 Src/main.o
                0x20000204                new_data_available
 *fill*         0x20000205        0x3 
 .bss           0x20000208        0x8 Src/syscalls.o
                0x20000208                __env
 *(.bss*)
 .bss.__malloc_free_list
                0x20000210        0x4 c:/ac6/systemworkbench/plugins/fr.ac6.mcu.externaltools.arm-none.win32_1.16.0.201807130628/tools/compiler/bin/../lib/gcc/arm-none-eabi/7.2.1/../../../../arm-none-eabi/lib/thumb/v7-m\libc_nano.a(lib_a-nano-mallocr.o)
                0x20000210                __malloc_free_list
 .bss.__malloc_sbrk_start
                0x20000214        0x4 c:/ac6/systemworkbench/plugins/fr.ac6.mcu.externaltools.arm-none.win32_1.16.0.201807130628/tools/compiler/bin/../lib/gcc/arm-none-eabi/7.2.1/../../../../arm-none-eabi/lib/thumb/v7-m\libc_nano.a(lib_a-nano-mallocr.o)
                0x20000214                __malloc_sbrk_start
 *(COMMON)
 COMMON         0x20000218      0x1f8 Src/main.o
                0x20000218                rx_buffer
                0x2000027c                timer_table
                0x20000290                pwm_chanel
                0x200002a4                rx_buffer_uart
                0x20000308                frame
 COMMON         0x20000410        0x4 c:/ac6/systemworkbench/plugins/fr.ac6.mcu.externaltools.arm-none.win32_1.16.0.201807130628/tools/compiler/bin/../lib/gcc/arm-none-eabi/7.2.1/../../../../arm-none-eabi/lib/thumb/v7-m\libc_nano.a(lib_a-reent.o)
                0x20000410                errno
                0x20000414                . = ALIGN (0x4)
                0x20000414                _ebss = .
                0x20000414                __bss_end__ = _ebss

._user_heap_stack
                0x20000414      0x604 load address 0x08005ea0
                0x20000418                . = ALIGN (0x8)
 *fill*         0x20000414        0x4 
                0x20000418                PROVIDE (end, .)
                [!provide]                PROVIDE (_end, .)
                0x20000618                . = (. + _Min_Heap_Size)
 *fill*         0x20000418      0x200 
                0x20000a18                . = (. + _Min_Stack_Size)
 *fill*         0x20000618      0x400 
                0x20000a18                . = ALIGN (0x8)

/DISCARD/
 libc.a(*)
 libm.a(*)
 libgcc.a(*)

.ARM.attributes
                0x00000000       0x29
 *(.ARM.attributes)
 .ARM.attributes
                0x00000000       0x1d c:/ac6/systemworkbench/plugins/fr.ac6.mcu.externaltools.arm-none.win32_1.16.0.201807130628/tools/compiler/bin/../lib/gcc/arm-none-eabi/7.2.1/thumb/v7-m/crti.o
 .ARM.attributes
                0x0000001d       0x2d c:/ac6/systemworkbench/plugins/fr.ac6.mcu.externaltools.arm-none.win32_1.16.0.201807130628/tools/compiler/bin/../lib/gcc/arm-none-eabi/7.2.1/thumb/v7-m/crtbegin.o
 .ARM.attributes
                0x0000004a       0x33 Drivers/STM32F1xx_HAL_Driver/Src/stm32f1xx_ll_adc.o
 .ARM.attributes
                0x0000007d       0x33 Drivers/STM32F1xx_HAL_Driver/Src/stm32f1xx_ll_exti.o
 .ARM.attributes
                0x000000b0       0x33 Drivers/STM32F1xx_HAL_Driver/Src/stm32f1xx_ll_gpio.o
 .ARM.attributes
                0x000000e3       0x33 Drivers/STM32F1xx_HAL_Driver/Src/stm32f1xx_ll_rcc.o
 .ARM.attributes
                0x00000116       0x33 Drivers/STM32F1xx_HAL_Driver/Src/stm32f1xx_ll_tim.o
 .ARM.attributes
                0x00000149       0x33 Drivers/STM32F1xx_HAL_Driver/Src/stm32f1xx_ll_usart.o
 .ARM.attributes
                0x0000017c       0x33 Drivers/STM32F1xx_HAL_Driver/Src/stm32f1xx_ll_utils.o
 .ARM.attributes
                0x000001af       0x33 Src/frame_parser.o
 .ARM.attributes
                0x000001e2       0x33 Src/helpfer_functions.o
 .ARM.attributes
                0x00000215       0x33 Src/main.o
 .ARM.attributes
                0x00000248       0x33 Src/rs485.o
 .ARM.attributes
                0x0000027b       0x33 Src/stm32f1xx_it.o
 .ARM.attributes
                0x000002ae       0x33 Src/syscalls.o
 .ARM.attributes
                0x000002e1       0x33 Src/system_stm32f1xx.o
 .ARM.attributes
                0x00000314       0x21 startup/startup_stm32f103xb.o
 .ARM.attributes
                0x00000335       0x1d c:/ac6/systemworkbench/plugins/fr.ac6.mcu.externaltools.arm-none.win32_1.16.0.201807130628/tools/compiler/bin/../lib/gcc/arm-none-eabi/7.2.1/thumb/v7-m\libgcc.a(_arm_addsubdf3.o)
 .ARM.attributes
                0x00000352       0x1d c:/ac6/systemworkbench/plugins/fr.ac6.mcu.externaltools.arm-none.win32_1.16.0.201807130628/tools/compiler/bin/../lib/gcc/arm-none-eabi/7.2.1/thumb/v7-m\libgcc.a(_arm_addsubsf3.o)
 .ARM.attributes
                0x0000036f       0x1d c:/ac6/systemworkbench/plugins/fr.ac6.mcu.externaltools.arm-none.win32_1.16.0.201807130628/tools/compiler/bin/../lib/gcc/arm-none-eabi/7.2.1/thumb/v7-m\libgcc.a(_arm_muldivsf3.o)
 .ARM.attributes
                0x0000038c       0x1d c:/ac6/systemworkbench/plugins/fr.ac6.mcu.externaltools.arm-none.win32_1.16.0.201807130628/tools/compiler/bin/../lib/gcc/arm-none-eabi/7.2.1/thumb/v7-m\libgcc.a(_arm_fixsfsi.o)
 .ARM.attributes
                0x000003a9       0x2d c:/ac6/systemworkbench/plugins/fr.ac6.mcu.externaltools.arm-none.win32_1.16.0.201807130628/tools/compiler/bin/../lib/gcc/arm-none-eabi/7.2.1/../../../../arm-none-eabi/lib/thumb/v7-m\libc_nano.a(lib_a-errno.o)
 .ARM.attributes
                0x000003d6       0x2d c:/ac6/systemworkbench/plugins/fr.ac6.mcu.externaltools.arm-none.win32_1.16.0.201807130628/tools/compiler/bin/../lib/gcc/arm-none-eabi/7.2.1/../../../../arm-none-eabi/lib/thumb/v7-m\libc_nano.a(lib_a-impure.o)
 .ARM.attributes
                0x00000403       0x2d c:/ac6/systemworkbench/plugins/fr.ac6.mcu.externaltools.arm-none.win32_1.16.0.201807130628/tools/compiler/bin/../lib/gcc/arm-none-eabi/7.2.1/../../../../arm-none-eabi/lib/thumb/v7-m\libc_nano.a(lib_a-init.o)
 .ARM.attributes
                0x00000430       0x2d c:/ac6/systemworkbench/plugins/fr.ac6.mcu.externaltools.arm-none.win32_1.16.0.201807130628/tools/compiler/bin/../lib/gcc/arm-none-eabi/7.2.1/../../../../arm-none-eabi/lib/thumb/v7-m\libc_nano.a(lib_a-memcpy-stub.o)
 .ARM.attributes
                0x0000045d       0x2d c:/ac6/systemworkbench/plugins/fr.ac6.mcu.externaltools.arm-none.win32_1.16.0.201807130628/tools/compiler/bin/../lib/gcc/arm-none-eabi/7.2.1/../../../../arm-none-eabi/lib/thumb/v7-m\libc_nano.a(lib_a-memset.o)
 .ARM.attributes
                0x0000048a       0x2d c:/ac6/systemworkbench/plugins/fr.ac6.mcu.externaltools.arm-none.win32_1.16.0.201807130628/tools/compiler/bin/../lib/gcc/arm-none-eabi/7.2.1/../../../../arm-none-eabi/lib/thumb/v7-m\libc_nano.a(lib_a-nano-vfprintf_float.o)
 .ARM.attributes
                0x000004b7       0x2d c:/ac6/systemworkbench/plugins/fr.ac6.mcu.externaltools.arm-none.win32_1.16.0.201807130628/tools/compiler/bin/../lib/gcc/arm-none-eabi/7.2.1/../../../../arm-none-eabi/lib/thumb/v7-m\libc_nano.a(lib_a-nano-vfprintf_i.o)
 .ARM.attributes
                0x000004e4       0x2d c:/ac6/systemworkbench/plugins/fr.ac6.mcu.externaltools.arm-none.win32_1.16.0.201807130628/tools/compiler/bin/../lib/gcc/arm-none-eabi/7.2.1/../../../../arm-none-eabi/lib/thumb/v7-m\libc_nano.a(lib_a-sprintf.o)
 .ARM.attributes
                0x00000511       0x17 c:/ac6/systemworkbench/plugins/fr.ac6.mcu.externaltools.arm-none.win32_1.16.0.201807130628/tools/compiler/bin/../lib/gcc/arm-none-eabi/7.2.1/../../../../arm-none-eabi/lib/thumb/v7-m\libc_nano.a(lib_a-strlen.o)
 .ARM.attributes
                0x00000528       0x2d c:/ac6/systemworkbench/plugins/fr.ac6.mcu.externaltools.arm-none.win32_1.16.0.201807130628/tools/compiler/bin/../lib/gcc/arm-none-eabi/7.2.1/../../../../arm-none-eabi/lib/thumb/v7-m\libc_nano.a(lib_a-dtoa.o)
 .ARM.attributes
                0x00000555       0x2d c:/ac6/systemworkbench/plugins/fr.ac6.mcu.externaltools.arm-none.win32_1.16.0.201807130628/tools/compiler/bin/../lib/gcc/arm-none-eabi/7.2.1/../../../../arm-none-eabi/lib/thumb/v7-m\libc_nano.a(lib_a-localeconv.o)
 .ARM.attributes
                0x00000582       0x2d c:/ac6/systemworkbench/plugins/fr.ac6.mcu.externaltools.arm-none.win32_1.16.0.201807130628/tools/compiler/bin/../lib/gcc/arm-none-eabi/7.2.1/../../../../arm-none-eabi/lib/thumb/v7-m\libc_nano.a(lib_a-malloc.o)
 .ARM.attributes
                0x000005af       0x2d c:/ac6/systemworkbench/plugins/fr.ac6.mcu.externaltools.arm-none.win32_1.16.0.201807130628/tools/compiler/bin/../lib/gcc/arm-none-eabi/7.2.1/../../../../arm-none-eabi/lib/thumb/v7-m\libc_nano.a(lib_a-memchr-stub.o)
 .ARM.attributes
                0x000005dc       0x2d c:/ac6/systemworkbench/plugins/fr.ac6.mcu.externaltools.arm-none.win32_1.16.0.201807130628/tools/compiler/bin/../lib/gcc/arm-none-eabi/7.2.1/../../../../arm-none-eabi/lib/thumb/v7-m\libc_nano.a(lib_a-mprec.o)
 .ARM.attributes
                0x00000609       0x2d c:/ac6/systemworkbench/plugins/fr.ac6.mcu.externaltools.arm-none.win32_1.16.0.201807130628/tools/compiler/bin/../lib/gcc/arm-none-eabi/7.2.1/../../../../arm-none-eabi/lib/thumb/v7-m\libc_nano.a(lib_a-nano-callocr.o)
 .ARM.attributes
                0x00000636       0x2d c:/ac6/systemworkbench/plugins/fr.ac6.mcu.externaltools.arm-none.win32_1.16.0.201807130628/tools/compiler/bin/../lib/gcc/arm-none-eabi/7.2.1/../../../../arm-none-eabi/lib/thumb/v7-m\libc_nano.a(lib_a-nano-freer.o)
 .ARM.attributes
                0x00000663       0x2d c:/ac6/systemworkbench/plugins/fr.ac6.mcu.externaltools.arm-none.win32_1.16.0.201807130628/tools/compiler/bin/../lib/gcc/arm-none-eabi/7.2.1/../../../../arm-none-eabi/lib/thumb/v7-m\libc_nano.a(lib_a-nano-mallocr.o)
 .ARM.attributes
                0x00000690       0x2d c:/ac6/systemworkbench/plugins/fr.ac6.mcu.externaltools.arm-none.win32_1.16.0.201807130628/tools/compiler/bin/../lib/gcc/arm-none-eabi/7.2.1/../../../../arm-none-eabi/lib/thumb/v7-m\libc_nano.a(lib_a-nano-svfprintf.o)
 .ARM.attributes
                0x000006bd       0x2d c:/ac6/systemworkbench/plugins/fr.ac6.mcu.externaltools.arm-none.win32_1.16.0.201807130628/tools/compiler/bin/../lib/gcc/arm-none-eabi/7.2.1/../../../../arm-none-eabi/lib/thumb/v7-m\libc_nano.a(lib_a-sbrkr.o)
 .ARM.attributes
                0x000006ea       0x2d c:/ac6/systemworkbench/plugins/fr.ac6.mcu.externaltools.arm-none.win32_1.16.0.201807130628/tools/compiler/bin/../lib/gcc/arm-none-eabi/7.2.1/../../../../arm-none-eabi/lib/thumb/v7-m\libc_nano.a(lib_a-locale.o)
 .ARM.attributes
                0x00000717       0x2d c:/ac6/systemworkbench/plugins/fr.ac6.mcu.externaltools.arm-none.win32_1.16.0.201807130628/tools/compiler/bin/../lib/gcc/arm-none-eabi/7.2.1/../../../../arm-none-eabi/lib/thumb/v7-m\libc_nano.a(lib_a-mbtowc_r.o)
 .ARM.attributes
                0x00000744       0x2d c:/ac6/systemworkbench/plugins/fr.ac6.mcu.externaltools.arm-none.win32_1.16.0.201807130628/tools/compiler/bin/../lib/gcc/arm-none-eabi/7.2.1/../../../../arm-none-eabi/lib/thumb/v7-m\libc_nano.a(lib_a-memmove.o)
 .ARM.attributes
                0x00000771       0x2d c:/ac6/systemworkbench/plugins/fr.ac6.mcu.externaltools.arm-none.win32_1.16.0.201807130628/tools/compiler/bin/../lib/gcc/arm-none-eabi/7.2.1/../../../../arm-none-eabi/lib/thumb/v7-m\libc_nano.a(lib_a-mlock.o)
 .ARM.attributes
                0x0000079e       0x2d c:/ac6/systemworkbench/plugins/fr.ac6.mcu.externaltools.arm-none.win32_1.16.0.201807130628/tools/compiler/bin/../lib/gcc/arm-none-eabi/7.2.1/../../../../arm-none-eabi/lib/thumb/v7-m\libc_nano.a(lib_a-nano-reallocr.o)
 .ARM.attributes
                0x000007cb       0x2d c:/ac6/systemworkbench/plugins/fr.ac6.mcu.externaltools.arm-none.win32_1.16.0.201807130628/tools/compiler/bin/../lib/gcc/arm-none-eabi/7.2.1/../../../../arm-none-eabi/lib/thumb/v7-m\libc_nano.a(lib_a-reent.o)
 .ARM.attributes
                0x000007f8       0x2d c:/ac6/systemworkbench/plugins/fr.ac6.mcu.externaltools.arm-none.win32_1.16.0.201807130628/tools/compiler/bin/../lib/gcc/arm-none-eabi/7.2.1/../../../../arm-none-eabi/lib/thumb/v7-m\libc_nano.a(lib_a-wctomb_r.o)
 .ARM.attributes
                0x00000825       0x2d c:/ac6/systemworkbench/plugins/fr.ac6.mcu.externaltools.arm-none.win32_1.16.0.201807130628/tools/compiler/bin/../lib/gcc/arm-none-eabi/7.2.1/../../../../arm-none-eabi/lib/thumb/v7-m\libc_nano.a(lib_a-ctype_.o)
 .ARM.attributes
                0x00000852       0x2d c:/ac6/systemworkbench/plugins/fr.ac6.mcu.externaltools.arm-none.win32_1.16.0.201807130628/tools/compiler/bin/../lib/gcc/arm-none-eabi/7.2.1/../../../../arm-none-eabi/lib/thumb/v7-m\libc_nano.a(lib_a-nano-msizer.o)
 .ARM.attributes
                0x0000087f       0x1d c:/ac6/systemworkbench/plugins/fr.ac6.mcu.externaltools.arm-none.win32_1.16.0.201807130628/tools/compiler/bin/../lib/gcc/arm-none-eabi/7.2.1/thumb/v7-m\libgcc.a(_arm_muldivdf3.o)
 .ARM.attributes
                0x0000089c       0x1d c:/ac6/systemworkbench/plugins/fr.ac6.mcu.externaltools.arm-none.win32_1.16.0.201807130628/tools/compiler/bin/../lib/gcc/arm-none-eabi/7.2.1/thumb/v7-m\libgcc.a(_arm_cmpdf2.o)
 .ARM.attributes
                0x000008b9       0x1d c:/ac6/systemworkbench/plugins/fr.ac6.mcu.externaltools.arm-none.win32_1.16.0.201807130628/tools/compiler/bin/../lib/gcc/arm-none-eabi/7.2.1/thumb/v7-m\libgcc.a(_arm_unorddf2.o)
 .ARM.attributes
                0x000008d6       0x1d c:/ac6/systemworkbench/plugins/fr.ac6.mcu.externaltools.arm-none.win32_1.16.0.201807130628/tools/compiler/bin/../lib/gcc/arm-none-eabi/7.2.1/thumb/v7-m\libgcc.a(_arm_fixdfsi.o)
 .ARM.attributes
                0x000008f3       0x1d c:/ac6/systemworkbench/plugins/fr.ac6.mcu.externaltools.arm-none.win32_1.16.0.201807130628/tools/compiler/bin/../lib/gcc/arm-none-eabi/7.2.1/thumb/v7-m/crtn.o
OUTPUT(BlueRov.elf elf32-littlearm)

.debug_info     0x00000000     0x7d71
 .debug_info    0x00000000      0x7d1 Drivers/STM32F1xx_HAL_Driver/Src/stm32f1xx_ll_adc.o
 .debug_info    0x000007d1      0x3aa Drivers/STM32F1xx_HAL_Driver/Src/stm32f1xx_ll_exti.o
 .debug_info    0x00000b7b      0x670 Drivers/STM32F1xx_HAL_Driver/Src/stm32f1xx_ll_gpio.o
 .debug_info    0x000011eb      0x591 Drivers/STM32F1xx_HAL_Driver/Src/stm32f1xx_ll_rcc.o
 .debug_info    0x0000177c      0xdfa Drivers/STM32F1xx_HAL_Driver/Src/stm32f1xx_ll_tim.o
 .debug_info    0x00002576      0x617 Drivers/STM32F1xx_HAL_Driver/Src/stm32f1xx_ll_usart.o
 .debug_info    0x00002b8d      0x775 Drivers/STM32F1xx_HAL_Driver/Src/stm32f1xx_ll_utils.o
 .debug_info    0x00003302      0x678 Src/frame_parser.o
 .debug_info    0x0000397a      0x22a Src/helpfer_functions.o
 .debug_info    0x00003ba4     0x246a Src/main.o
 .debug_info    0x0000600e      0x5c5 Src/rs485.o
 .debug_info    0x000065d3      0x465 Src/stm32f1xx_it.o
 .debug_info    0x00006a38      0xf2e Src/syscalls.o
 .debug_info    0x00007966      0x3e9 Src/system_stm32f1xx.o
 .debug_info    0x00007d4f       0x22 startup/startup_stm32f103xb.o

.debug_abbrev   0x00000000     0x1b7d
 .debug_abbrev  0x00000000      0x19e Drivers/STM32F1xx_HAL_Driver/Src/stm32f1xx_ll_adc.o
 .debug_abbrev  0x0000019e      0x19e Drivers/STM32F1xx_HAL_Driver/Src/stm32f1xx_ll_exti.o
 .debug_abbrev  0x0000033c      0x210 Drivers/STM32F1xx_HAL_Driver/Src/stm32f1xx_ll_gpio.o
 .debug_abbrev  0x0000054c      0x250 Drivers/STM32F1xx_HAL_Driver/Src/stm32f1xx_ll_rcc.o
 .debug_abbrev  0x0000079c      0x1ff Drivers/STM32F1xx_HAL_Driver/Src/stm32f1xx_ll_tim.o
 .debug_abbrev  0x0000099b      0x1b1 Drivers/STM32F1xx_HAL_Driver/Src/stm32f1xx_ll_usart.o
 .debug_abbrev  0x00000b4c      0x211 Drivers/STM32F1xx_HAL_Driver/Src/stm32f1xx_ll_utils.o
 .debug_abbrev  0x00000d5d      0x18f Src/frame_parser.o
 .debug_abbrev  0x00000eec      0x128 Src/helpfer_functions.o
 .debug_abbrev  0x00001014      0x422 Src/main.o
 .debug_abbrev  0x00001436      0x1d0 Src/rs485.o
 .debug_abbrev  0x00001606      0x187 Src/stm32f1xx_it.o
 .debug_abbrev  0x0000178d      0x2aa Src/syscalls.o
 .debug_abbrev  0x00001a37      0x134 Src/system_stm32f1xx.o
 .debug_abbrev  0x00001b6b       0x12 startup/startup_stm32f103xb.o

.debug_aranges  0x00000000      0x9b0
 .debug_aranges
                0x00000000       0xa8 Drivers/STM32F1xx_HAL_Driver/Src/stm32f1xx_ll_adc.o
 .debug_aranges
                0x000000a8       0x70 Drivers/STM32F1xx_HAL_Driver/Src/stm32f1xx_ll_exti.o
 .debug_aranges
                0x00000118       0x60 Drivers/STM32F1xx_HAL_Driver/Src/stm32f1xx_ll_gpio.o
 .debug_aranges
                0x00000178       0xd8 Drivers/STM32F1xx_HAL_Driver/Src/stm32f1xx_ll_rcc.o
 .debug_aranges
                0x00000250      0x128 Drivers/STM32F1xx_HAL_Driver/Src/stm32f1xx_ll_tim.o
 .debug_aranges
                0x00000378       0x88 Drivers/STM32F1xx_HAL_Driver/Src/stm32f1xx_ll_usart.o
 .debug_aranges
                0x00000400       0xf0 Drivers/STM32F1xx_HAL_Driver/Src/stm32f1xx_ll_utils.o
 .debug_aranges
                0x000004f0       0x78 Src/frame_parser.o
 .debug_aranges
                0x00000568       0x30 Src/helpfer_functions.o
 .debug_aranges
                0x00000598      0x1e0 Src/main.o
 .debug_aranges
                0x00000778       0x90 Src/rs485.o
 .debug_aranges
                0x00000808       0xa8 Src/stm32f1xx_it.o
 .debug_aranges
                0x000008b0       0xb0 Src/syscalls.o
 .debug_aranges
                0x00000960       0x28 Src/system_stm32f1xx.o
 .debug_aranges
                0x00000988       0x28 startup/startup_stm32f103xb.o

.debug_ranges   0x00000000      0x8c8
 .debug_ranges  0x00000000       0x98 Drivers/STM32F1xx_HAL_Driver/Src/stm32f1xx_ll_adc.o
 .debug_ranges  0x00000098       0x60 Drivers/STM32F1xx_HAL_Driver/Src/stm32f1xx_ll_exti.o
 .debug_ranges  0x000000f8       0x50 Drivers/STM32F1xx_HAL_Driver/Src/stm32f1xx_ll_gpio.o
 .debug_ranges  0x00000148       0xc8 Drivers/STM32F1xx_HAL_Driver/Src/stm32f1xx_ll_rcc.o
 .debug_ranges  0x00000210      0x118 Drivers/STM32F1xx_HAL_Driver/Src/stm32f1xx_ll_tim.o
 .debug_ranges  0x00000328       0x78 Drivers/STM32F1xx_HAL_Driver/Src/stm32f1xx_ll_usart.o
 .debug_ranges  0x000003a0       0xe0 Drivers/STM32F1xx_HAL_Driver/Src/stm32f1xx_ll_utils.o
 .debug_ranges  0x00000480       0x68 Src/frame_parser.o
 .debug_ranges  0x000004e8       0x20 Src/helpfer_functions.o
 .debug_ranges  0x00000508      0x1d0 Src/main.o
 .debug_ranges  0x000006d8       0x80 Src/rs485.o
 .debug_ranges  0x00000758       0x98 Src/stm32f1xx_it.o
 .debug_ranges  0x000007f0       0xa0 Src/syscalls.o
 .debug_ranges  0x00000890       0x18 Src/system_stm32f1xx.o
 .debug_ranges  0x000008a8       0x20 startup/startup_stm32f103xb.o

.debug_macro    0x00000000    0x14ff2
 .debug_macro   0x00000000      0x136 Drivers/STM32F1xx_HAL_Driver/Src/stm32f1xx_ll_adc.o
 .debug_macro   0x00000136      0xa90 Drivers/STM32F1xx_HAL_Driver/Src/stm32f1xx_ll_adc.o
 .debug_macro   0x00000bc6       0x2e Drivers/STM32F1xx_HAL_Driver/Src/stm32f1xx_ll_adc.o
 .debug_macro   0x00000bf4       0x22 Drivers/STM32F1xx_HAL_Driver/Src/stm32f1xx_ll_adc.o
 .debug_macro   0x00000c16       0x22 Drivers/STM32F1xx_HAL_Driver/Src/stm32f1xx_ll_adc.o
 .debug_macro   0x00000c38       0x87 Drivers/STM32F1xx_HAL_Driver/Src/stm32f1xx_ll_adc.o
 .debug_macro   0x00000cbf       0x51 Drivers/STM32F1xx_HAL_Driver/Src/stm32f1xx_ll_adc.o
 .debug_macro   0x00000d10       0xef Drivers/STM32F1xx_HAL_Driver/Src/stm32f1xx_ll_adc.o
 .debug_macro   0x00000dff       0x6a Drivers/STM32F1xx_HAL_Driver/Src/stm32f1xx_ll_adc.o
 .debug_macro   0x00000e69      0x1df Drivers/STM32F1xx_HAL_Driver/Src/stm32f1xx_ll_adc.o
 .debug_macro   0x00001048       0x1c Drivers/STM32F1xx_HAL_Driver/Src/stm32f1xx_ll_adc.o
 .debug_macro   0x00001064       0x22 Drivers/STM32F1xx_HAL_Driver/Src/stm32f1xx_ll_adc.o
 .debug_macro   0x00001086       0xc3 Drivers/STM32F1xx_HAL_Driver/Src/stm32f1xx_ll_adc.o
 .debug_macro   0x00001149      0xd23 Drivers/STM32F1xx_HAL_Driver/Src/stm32f1xx_ll_adc.o
 .debug_macro   0x00001e6c     0xe09e Drivers/STM32F1xx_HAL_Driver/Src/stm32f1xx_ll_adc.o
 .debug_macro   0x0000ff0a       0x43 Drivers/STM32F1xx_HAL_Driver/Src/stm32f1xx_ll_adc.o
 .debug_macro   0x0000ff4d      0x89b Drivers/STM32F1xx_HAL_Driver/Src/stm32f1xx_ll_adc.o
 .debug_macro   0x000107e8       0xd7 Drivers/STM32F1xx_HAL_Driver/Src/stm32f1xx_ll_adc.o
 .debug_macro   0x000108bf       0xe3 Drivers/STM32F1xx_HAL_Driver/Src/stm32f1xx_ll_exti.o
 .debug_macro   0x000109a2       0xca Drivers/STM32F1xx_HAL_Driver/Src/stm32f1xx_ll_exti.o
 .debug_macro   0x00010a6c       0xf8 Drivers/STM32F1xx_HAL_Driver/Src/stm32f1xx_ll_gpio.o
 .debug_macro   0x00010b64      0x224 Drivers/STM32F1xx_HAL_Driver/Src/stm32f1xx_ll_gpio.o
 .debug_macro   0x00010d88       0xdd Drivers/STM32F1xx_HAL_Driver/Src/stm32f1xx_ll_rcc.o
 .debug_macro   0x00010e65      0x2b8 Drivers/STM32F1xx_HAL_Driver/Src/stm32f1xx_ll_rcc.o
 .debug_macro   0x0001111d      0x147 Drivers/STM32F1xx_HAL_Driver/Src/stm32f1xx_ll_tim.o
 .debug_macro   0x00011264      0x574 Drivers/STM32F1xx_HAL_Driver/Src/stm32f1xx_ll_tim.o
 .debug_macro   0x000117d8      0x131 Drivers/STM32F1xx_HAL_Driver/Src/stm32f1xx_ll_usart.o
 .debug_macro   0x00011909      0x1ae Drivers/STM32F1xx_HAL_Driver/Src/stm32f1xx_ll_usart.o
 .debug_macro   0x00011ab7      0x2be Drivers/STM32F1xx_HAL_Driver/Src/stm32f1xx_ll_usart.o
 .debug_macro   0x00011d75      0x133 Drivers/STM32F1xx_HAL_Driver/Src/stm32f1xx_ll_utils.o
 .debug_macro   0x00011ea8       0x2a Drivers/STM32F1xx_HAL_Driver/Src/stm32f1xx_ll_utils.o
 .debug_macro   0x00011ed2       0x74 Drivers/STM32F1xx_HAL_Driver/Src/stm32f1xx_ll_utils.o
 .debug_macro   0x00011f46       0x6d Src/frame_parser.o
 .debug_macro   0x00011fb3       0xd5 Src/helpfer_functions.o
 .debug_macro   0x00012088       0x22 Src/helpfer_functions.o
 .debug_macro   0x000120aa      0x2b6 Src/main.o
 .debug_macro   0x00012360       0xd0 Src/main.o
 .debug_macro   0x00012430       0x28 Src/main.o
 .debug_macro   0x00012458       0x90 Src/main.o
 .debug_macro   0x000124e8      0x287 Src/main.o
 .debug_macro   0x0001276f      0x57a Src/main.o
 .debug_macro   0x00012ce9      0x1b4 Src/main.o
 .debug_macro   0x00012e9d      0x22a Src/main.o
 .debug_macro   0x000130c7       0x94 Src/main.o
 .debug_macro   0x0001315b       0x58 Src/main.o
 .debug_macro   0x000131b3       0x17 Src/main.o
 .debug_macro   0x000131ca       0x35 Src/main.o
 .debug_macro   0x000131ff       0x9c Src/main.o
 .debug_macro   0x0001329b       0x16 Src/main.o
 .debug_macro   0x000132b1       0x97 Src/main.o
 .debug_macro   0x00013348      0x32a Src/main.o
 .debug_macro   0x00013672       0xfd Src/main.o
 .debug_macro   0x0001376f       0x10 Src/main.o
 .debug_macro   0x0001377f       0x58 Src/main.o
 .debug_macro   0x000137d7       0x1f Src/main.o
 .debug_macro   0x000137f6       0x43 Src/main.o
 .debug_macro   0x00013839       0x20 Src/main.o
 .debug_macro   0x00013859      0x18e Src/main.o
 .debug_macro   0x000139e7       0x10 Src/main.o
 .debug_macro   0x000139f7       0x1c Src/main.o
 .debug_macro   0x00013a13       0x52 Src/main.o
 .debug_macro   0x00013a65       0x40 Src/main.o
 .debug_macro   0x00013aa5       0x10 Src/main.o
 .debug_macro   0x00013ab5       0x40 Src/main.o
 .debug_macro   0x00013af5       0xd7 Src/main.o
 .debug_macro   0x00013bcc       0x1c Src/main.o
 .debug_macro   0x00013be8       0x3d Src/main.o
 .debug_macro   0x00013c25       0x16 Src/main.o
 .debug_macro   0x00013c3b      0x16f Src/main.o
 .debug_macro   0x00013daa      0x15f Src/rs485.o
 .debug_macro   0x00013f09      0x155 Src/stm32f1xx_it.o
 .debug_macro   0x0001405e      0x243 Src/syscalls.o
 .debug_macro   0x000142a1       0x52 Src/syscalls.o
 .debug_macro   0x000142f3       0x8d Src/syscalls.o
 .debug_macro   0x00014380       0x57 Src/syscalls.o
 .debug_macro   0x000143d7      0x174 Src/syscalls.o
 .debug_macro   0x0001454b      0x330 Src/syscalls.o
 .debug_macro   0x0001487b       0x10 Src/syscalls.o
 .debug_macro   0x0001488b       0x35 Src/syscalls.o
 .debug_macro   0x000148c0       0x10 Src/syscalls.o
 .debug_macro   0x000148d0       0x10 Src/syscalls.o
 .debug_macro   0x000148e0       0x35 Src/syscalls.o
 .debug_macro   0x00014915      0x122 Src/syscalls.o
 .debug_macro   0x00014a37       0x16 Src/syscalls.o
 .debug_macro   0x00014a4d       0x16 Src/syscalls.o
 .debug_macro   0x00014a63       0x29 Src/syscalls.o
 .debug_macro   0x00014a8c       0x10 Src/syscalls.o
 .debug_macro   0x00014a9c      0x241 Src/syscalls.o
 .debug_macro   0x00014cdd       0x1c Src/syscalls.o
 .debug_macro   0x00014cf9       0x10 Src/syscalls.o
 .debug_macro   0x00014d09      0x189 Src/syscalls.o
 .debug_macro   0x00014e92       0x16 Src/syscalls.o
 .debug_macro   0x00014ea8       0x88 Src/syscalls.o
 .debug_macro   0x00014f30       0xc2 Src/system_stm32f1xx.o

.debug_line     0x00000000     0x5c87
 .debug_line    0x00000000      0x62d Drivers/STM32F1xx_HAL_Driver/Src/stm32f1xx_ll_adc.o
 .debug_line    0x0000062d      0x557 Drivers/STM32F1xx_HAL_Driver/Src/stm32f1xx_ll_exti.o
 .debug_line    0x00000b84      0x5cb Drivers/STM32F1xx_HAL_Driver/Src/stm32f1xx_ll_gpio.o
 .debug_line    0x0000114f      0x679 Drivers/STM32F1xx_HAL_Driver/Src/stm32f1xx_ll_rcc.o
 .debug_line    0x000017c8      0x825 Drivers/STM32F1xx_HAL_Driver/Src/stm32f1xx_ll_tim.o
 .debug_line    0x00001fed      0x5d7 Drivers/STM32F1xx_HAL_Driver/Src/stm32f1xx_ll_usart.o
 .debug_line    0x000025c4      0x6f4 Drivers/STM32F1xx_HAL_Driver/Src/stm32f1xx_ll_utils.o
 .debug_line    0x00002cb8      0x4ff Src/frame_parser.o
 .debug_line    0x000031b7      0x4da Src/helpfer_functions.o
 .debug_line    0x00003691      0xd9e Src/main.o
 .debug_line    0x0000442f      0x6d0 Src/rs485.o
 .debug_line    0x00004aff      0x706 Src/stm32f1xx_it.o
 .debug_line    0x00005205      0x5df Src/syscalls.o
 .debug_line    0x000057e4      0x426 Src/system_stm32f1xx.o
 .debug_line    0x00005c0a       0x7d startup/startup_stm32f103xb.o

.debug_str      0x00000000    0x6ca09
 .debug_str     0x00000000    0x5b886 Drivers/STM32F1xx_HAL_Driver/Src/stm32f1xx_ll_adc.o
                              0x5baf8 (size before relaxing)
 .debug_str     0x0005b886      0x7a4 Drivers/STM32F1xx_HAL_Driver/Src/stm32f1xx_ll_exti.o
                              0x549fd (size before relaxing)
 .debug_str     0x0005c02a     0x13af Drivers/STM32F1xx_HAL_Driver/Src/stm32f1xx_ll_gpio.o
                              0x55c1b (size before relaxing)
 .debug_str     0x0005d3d9     0x14ca Drivers/STM32F1xx_HAL_Driver/Src/stm32f1xx_ll_rcc.o
                              0x55786 (size before relaxing)
 .debug_str     0x0005e8a3     0x40d8 Drivers/STM32F1xx_HAL_Driver/Src/stm32f1xx_ll_tim.o
                              0x58960 (size before relaxing)
 .debug_str     0x0006297b     0x1650 Drivers/STM32F1xx_HAL_Driver/Src/stm32f1xx_ll_usart.o
                              0x57054 (size before relaxing)
 .debug_str     0x00063fcb      0xf99 Drivers/STM32F1xx_HAL_Driver/Src/stm32f1xx_ll_utils.o
                              0x56414 (size before relaxing)
 .debug_str     0x00064f64      0x301 Src/frame_parser.o
                               0x3fc9 (size before relaxing)
 .debug_str     0x00065265      0x1e1 Src/helpfer_functions.o
                              0x54413 (size before relaxing)
 .debug_str     0x00065446     0x6066 Src/main.o
                              0x67244 (size before relaxing)
 .debug_str     0x0006b4ac      0x12a Src/rs485.o
                              0x62310 (size before relaxing)
 .debug_str     0x0006b5d6      0x190 Src/stm32f1xx_it.o
                              0x62214 (size before relaxing)
 .debug_str     0x0006b766     0x1214 Src/syscalls.o
                               0x8756 (size before relaxing)
 .debug_str     0x0006c97a       0x5f Src/system_stm32f1xx.o
                              0x54321 (size before relaxing)
 .debug_str     0x0006c9d9       0x30 startup/startup_stm32f103xb.o
                                 0x66 (size before relaxing)

.comment        0x00000000       0x7e
 .comment       0x00000000       0x7e Drivers/STM32F1xx_HAL_Driver/Src/stm32f1xx_ll_adc.o
                                 0x7f (size before relaxing)
 .comment       0x0000007e       0x7f Drivers/STM32F1xx_HAL_Driver/Src/stm32f1xx_ll_exti.o
 .comment       0x0000007e       0x7f Drivers/STM32F1xx_HAL_Driver/Src/stm32f1xx_ll_gpio.o
 .comment       0x0000007e       0x7f Drivers/STM32F1xx_HAL_Driver/Src/stm32f1xx_ll_rcc.o
 .comment       0x0000007e       0x7f Drivers/STM32F1xx_HAL_Driver/Src/stm32f1xx_ll_tim.o
 .comment       0x0000007e       0x7f Drivers/STM32F1xx_HAL_Driver/Src/stm32f1xx_ll_usart.o
 .comment       0x0000007e       0x7f Drivers/STM32F1xx_HAL_Driver/Src/stm32f1xx_ll_utils.o
 .comment       0x0000007e       0x7f Src/frame_parser.o
 .comment       0x0000007e       0x7f Src/helpfer_functions.o
 .comment       0x0000007e       0x7f Src/main.o
 .comment       0x0000007e       0x7f Src/rs485.o
 .comment       0x0000007e       0x7f Src/stm32f1xx_it.o
 .comment       0x0000007e       0x7f Src/syscalls.o
 .comment       0x0000007e       0x7f Src/system_stm32f1xx.o

.debug_frame    0x00000000     0x3248
 .debug_frame   0x00000000      0x2cc Drivers/STM32F1xx_HAL_Driver/Src/stm32f1xx_ll_adc.o
 .debug_frame   0x000002cc      0x1bc Drivers/STM32F1xx_HAL_Driver/Src/stm32f1xx_ll_exti.o
 .debug_frame   0x00000488      0x170 Drivers/STM32F1xx_HAL_Driver/Src/stm32f1xx_ll_gpio.o
 .debug_frame   0x000005f8      0x34c Drivers/STM32F1xx_HAL_Driver/Src/stm32f1xx_ll_rcc.o
 .debug_frame   0x00000944      0x538 Drivers/STM32F1xx_HAL_Driver/Src/stm32f1xx_ll_tim.o
 .debug_frame   0x00000e7c      0x234 Drivers/STM32F1xx_HAL_Driver/Src/stm32f1xx_ll_usart.o
 .debug_frame   0x000010b0      0x3dc Drivers/STM32F1xx_HAL_Driver/Src/stm32f1xx_ll_utils.o
 .debug_frame   0x0000148c      0x1d8 Src/frame_parser.o
 .debug_frame   0x00001664       0x78 Src/helpfer_functions.o
 .debug_frame   0x000016dc      0x878 Src/main.o
 .debug_frame   0x00001f54      0x23c Src/rs485.o
 .debug_frame   0x00002190      0x260 Src/stm32f1xx_it.o
 .debug_frame   0x000023f0      0x2d0 Src/syscalls.o
 .debug_frame   0x000026c0       0x58 Src/system_stm32f1xx.o
 .debug_frame   0x00002718       0xac c:/ac6/systemworkbench/plugins/fr.ac6.mcu.externaltools.arm-none.win32_1.16.0.201807130628/tools/compiler/bin/../lib/gcc/arm-none-eabi/7.2.1/thumb/v7-m\libgcc.a(_arm_addsubdf3.o)
 .debug_frame   0x000027c4       0x4c c:/ac6/systemworkbench/plugins/fr.ac6.mcu.externaltools.arm-none.win32_1.16.0.201807130628/tools/compiler/bin/../lib/gcc/arm-none-eabi/7.2.1/thumb/v7-m\libgcc.a(_arm_addsubsf3.o)
 .debug_frame   0x00002810       0x38 c:/ac6/systemworkbench/plugins/fr.ac6.mcu.externaltools.arm-none.win32_1.16.0.201807130628/tools/compiler/bin/../lib/gcc/arm-none-eabi/7.2.1/thumb/v7-m\libgcc.a(_arm_muldivsf3.o)
 .debug_frame   0x00002848       0x24 c:/ac6/systemworkbench/plugins/fr.ac6.mcu.externaltools.arm-none.win32_1.16.0.201807130628/tools/compiler/bin/../lib/gcc/arm-none-eabi/7.2.1/thumb/v7-m\libgcc.a(_arm_fixsfsi.o)
 .debug_frame   0x0000286c       0x20 c:/ac6/systemworkbench/plugins/fr.ac6.mcu.externaltools.arm-none.win32_1.16.0.201807130628/tools/compiler/bin/../lib/gcc/arm-none-eabi/7.2.1/../../../../arm-none-eabi/lib/thumb/v7-m\libc_nano.a(lib_a-errno.o)
 .debug_frame   0x0000288c       0x2c c:/ac6/systemworkbench/plugins/fr.ac6.mcu.externaltools.arm-none.win32_1.16.0.201807130628/tools/compiler/bin/../lib/gcc/arm-none-eabi/7.2.1/../../../../arm-none-eabi/lib/thumb/v7-m\libc_nano.a(lib_a-init.o)
 .debug_frame   0x000028b8       0x28 c:/ac6/systemworkbench/plugins/fr.ac6.mcu.externaltools.arm-none.win32_1.16.0.201807130628/tools/compiler/bin/../lib/gcc/arm-none-eabi/7.2.1/../../../../arm-none-eabi/lib/thumb/v7-m\libc_nano.a(lib_a-memcpy-stub.o)
 .debug_frame   0x000028e0       0x20 c:/ac6/systemworkbench/plugins/fr.ac6.mcu.externaltools.arm-none.win32_1.16.0.201807130628/tools/compiler/bin/../lib/gcc/arm-none-eabi/7.2.1/../../../../arm-none-eabi/lib/thumb/v7-m\libc_nano.a(lib_a-memset.o)
 .debug_frame   0x00002900       0x90 c:/ac6/systemworkbench/plugins/fr.ac6.mcu.externaltools.arm-none.win32_1.16.0.201807130628/tools/compiler/bin/../lib/gcc/arm-none-eabi/7.2.1/../../../../arm-none-eabi/lib/thumb/v7-m\libc_nano.a(lib_a-nano-vfprintf_float.o)
 .debug_frame   0x00002990       0x60 c:/ac6/systemworkbench/plugins/fr.ac6.mcu.externaltools.arm-none.win32_1.16.0.201807130628/tools/compiler/bin/../lib/gcc/arm-none-eabi/7.2.1/../../../../arm-none-eabi/lib/thumb/v7-m\libc_nano.a(lib_a-nano-vfprintf_i.o)
 .debug_frame   0x000029f0       0x6c c:/ac6/systemworkbench/plugins/fr.ac6.mcu.externaltools.arm-none.win32_1.16.0.201807130628/tools/compiler/bin/../lib/gcc/arm-none-eabi/7.2.1/../../../../arm-none-eabi/lib/thumb/v7-m\libc_nano.a(lib_a-sprintf.o)
 .debug_frame   0x00002a5c       0x6c c:/ac6/systemworkbench/plugins/fr.ac6.mcu.externaltools.arm-none.win32_1.16.0.201807130628/tools/compiler/bin/../lib/gcc/arm-none-eabi/7.2.1/../../../../arm-none-eabi/lib/thumb/v7-m\libc_nano.a(lib_a-dtoa.o)
 .debug_frame   0x00002ac8       0x40 c:/ac6/systemworkbench/plugins/fr.ac6.mcu.externaltools.arm-none.win32_1.16.0.201807130628/tools/compiler/bin/../lib/gcc/arm-none-eabi/7.2.1/../../../../arm-none-eabi/lib/thumb/v7-m\libc_nano.a(lib_a-localeconv.o)
 .debug_frame   0x00002b08       0x30 c:/ac6/systemworkbench/plugins/fr.ac6.mcu.externaltools.arm-none.win32_1.16.0.201807130628/tools/compiler/bin/../lib/gcc/arm-none-eabi/7.2.1/../../../../arm-none-eabi/lib/thumb/v7-m\libc_nano.a(lib_a-malloc.o)
 .debug_frame   0x00002b38       0x28 c:/ac6/systemworkbench/plugins/fr.ac6.mcu.externaltools.arm-none.win32_1.16.0.201807130628/tools/compiler/bin/../lib/gcc/arm-none-eabi/7.2.1/../../../../arm-none-eabi/lib/thumb/v7-m\libc_nano.a(lib_a-memchr-stub.o)
 .debug_frame   0x00002b60      0x248 c:/ac6/systemworkbench/plugins/fr.ac6.mcu.externaltools.arm-none.win32_1.16.0.201807130628/tools/compiler/bin/../lib/gcc/arm-none-eabi/7.2.1/../../../../arm-none-eabi/lib/thumb/v7-m\libc_nano.a(lib_a-mprec.o)
 .debug_frame   0x00002da8       0x2c c:/ac6/systemworkbench/plugins/fr.ac6.mcu.externaltools.arm-none.win32_1.16.0.201807130628/tools/compiler/bin/../lib/gcc/arm-none-eabi/7.2.1/../../../../arm-none-eabi/lib/thumb/v7-m\libc_nano.a(lib_a-nano-callocr.o)
 .debug_frame   0x00002dd4       0x38 c:/ac6/systemworkbench/plugins/fr.ac6.mcu.externaltools.arm-none.win32_1.16.0.201807130628/tools/compiler/bin/../lib/gcc/arm-none-eabi/7.2.1/../../../../arm-none-eabi/lib/thumb/v7-m\libc_nano.a(lib_a-nano-freer.o)
 .debug_frame   0x00002e0c       0x2c c:/ac6/systemworkbench/plugins/fr.ac6.mcu.externaltools.arm-none.win32_1.16.0.201807130628/tools/compiler/bin/../lib/gcc/arm-none-eabi/7.2.1/../../../../arm-none-eabi/lib/thumb/v7-m\libc_nano.a(lib_a-nano-mallocr.o)
 .debug_frame   0x00002e38       0x90 c:/ac6/systemworkbench/plugins/fr.ac6.mcu.externaltools.arm-none.win32_1.16.0.201807130628/tools/compiler/bin/../lib/gcc/arm-none-eabi/7.2.1/../../../../arm-none-eabi/lib/thumb/v7-m\libc_nano.a(lib_a-nano-svfprintf.o)
 .debug_frame   0x00002ec8       0x2c c:/ac6/systemworkbench/plugins/fr.ac6.mcu.externaltools.arm-none.win32_1.16.0.201807130628/tools/compiler/bin/../lib/gcc/arm-none-eabi/7.2.1/../../../../arm-none-eabi/lib/thumb/v7-m\libc_nano.a(lib_a-sbrkr.o)
 .debug_frame   0x00002ef4       0x68 c:/ac6/systemworkbench/plugins/fr.ac6.mcu.externaltools.arm-none.win32_1.16.0.201807130628/tools/compiler/bin/../lib/gcc/arm-none-eabi/7.2.1/../../../../arm-none-eabi/lib/thumb/v7-m\libc_nano.a(lib_a-locale.o)
 .debug_frame   0x00002f5c       0x48 c:/ac6/systemworkbench/plugins/fr.ac6.mcu.externaltools.arm-none.win32_1.16.0.201807130628/tools/compiler/bin/../lib/gcc/arm-none-eabi/7.2.1/../../../../arm-none-eabi/lib/thumb/v7-m\libc_nano.a(lib_a-mbtowc_r.o)
 .debug_frame   0x00002fa4       0x28 c:/ac6/systemworkbench/plugins/fr.ac6.mcu.externaltools.arm-none.win32_1.16.0.201807130628/tools/compiler/bin/../lib/gcc/arm-none-eabi/7.2.1/../../../../arm-none-eabi/lib/thumb/v7-m\libc_nano.a(lib_a-memmove.o)
 .debug_frame   0x00002fcc       0x30 c:/ac6/systemworkbench/plugins/fr.ac6.mcu.externaltools.arm-none.win32_1.16.0.201807130628/tools/compiler/bin/../lib/gcc/arm-none-eabi/7.2.1/../../../../arm-none-eabi/lib/thumb/v7-m\libc_nano.a(lib_a-mlock.o)
 .debug_frame   0x00002ffc       0x3c c:/ac6/systemworkbench/plugins/fr.ac6.mcu.externaltools.arm-none.win32_1.16.0.201807130628/tools/compiler/bin/../lib/gcc/arm-none-eabi/7.2.1/../../../../arm-none-eabi/lib/thumb/v7-m\libc_nano.a(lib_a-nano-reallocr.o)
 .debug_frame   0x00003038       0x5c c:/ac6/systemworkbench/plugins/fr.ac6.mcu.externaltools.arm-none.win32_1.16.0.201807130628/tools/compiler/bin/../lib/gcc/arm-none-eabi/7.2.1/../../../../arm-none-eabi/lib/thumb/v7-m\libc_nano.a(lib_a-reent.o)
 .debug_frame   0x00003094       0x3c c:/ac6/systemworkbench/plugins/fr.ac6.mcu.externaltools.arm-none.win32_1.16.0.201807130628/tools/compiler/bin/../lib/gcc/arm-none-eabi/7.2.1/../../../../arm-none-eabi/lib/thumb/v7-m\libc_nano.a(lib_a-wctomb_r.o)
 .debug_frame   0x000030d0       0x20 c:/ac6/systemworkbench/plugins/fr.ac6.mcu.externaltools.arm-none.win32_1.16.0.201807130628/tools/compiler/bin/../lib/gcc/arm-none-eabi/7.2.1/../../../../arm-none-eabi/lib/thumb/v7-m\libc_nano.a(lib_a-nano-msizer.o)
 .debug_frame   0x000030f0       0x50 c:/ac6/systemworkbench/plugins/fr.ac6.mcu.externaltools.arm-none.win32_1.16.0.201807130628/tools/compiler/bin/../lib/gcc/arm-none-eabi/7.2.1/thumb/v7-m\libgcc.a(_arm_muldivdf3.o)
 .debug_frame   0x00003140       0xc4 c:/ac6/systemworkbench/plugins/fr.ac6.mcu.externaltools.arm-none.win32_1.16.0.201807130628/tools/compiler/bin/../lib/gcc/arm-none-eabi/7.2.1/thumb/v7-m\libgcc.a(_arm_cmpdf2.o)
 .debug_frame   0x00003204       0x20 c:/ac6/systemworkbench/plugins/fr.ac6.mcu.externaltools.arm-none.win32_1.16.0.201807130628/tools/compiler/bin/../lib/gcc/arm-none-eabi/7.2.1/thumb/v7-m\libgcc.a(_arm_unorddf2.o)
 .debug_frame   0x00003224       0x24 c:/ac6/systemworkbench/plugins/fr.ac6.mcu.externaltools.arm-none.win32_1.16.0.201807130628/tools/compiler/bin/../lib/gcc/arm-none-eabi/7.2.1/thumb/v7-m\libgcc.a(_arm_fixdfsi.o)
